Component: ARM Compiler 5.06 update 7 (build 960) Tool: armlink [4d3601]

==============================================================================

Section Cross References

    startup_stm32f10x_hd.o(RESET) refers to startup_stm32f10x_hd.o(STACK) for __initial_sp
    startup_stm32f10x_hd.o(RESET) refers to startup_stm32f10x_hd.o(.text) for Reset_Handler
    startup_stm32f10x_hd.o(RESET) refers to los_hwi.o(.text) for PendSV_Handler
    startup_stm32f10x_hd.o(RESET) refers to timer.o(.text) for TIM3_IRQHandler
    startup_stm32f10x_hd.o(RESET) refers to usart.o(.text) for USART1_IRQHandler
    startup_stm32f10x_hd.o(.text) refers to system_stm32f10x.o(.text) for SystemInit
    startup_stm32f10x_hd.o(.text) refers to entry.o(.ARM.Collect$$$$00000000) for __main
    system_stm32f10x.o(.text) refers to system_stm32f10x.o(.data) for .data
    stm32f10x_adc.o(.text) refers to stm32f10x_rcc.o(.text) for RCC_APB2PeriphResetCmd
    stm32f10x_bkp.o(.text) refers to stm32f10x_rcc.o(.text) for RCC_BackupResetCmd
    stm32f10x_can.o(.text) refers to stm32f10x_rcc.o(.text) for RCC_APB1PeriphResetCmd
    stm32f10x_cec.o(.text) refers to stm32f10x_rcc.o(.text) for RCC_APB1PeriphResetCmd
    stm32f10x_dac.o(.text) refers to stm32f10x_rcc.o(.text) for RCC_APB1PeriphResetCmd
    stm32f10x_gpio.o(.text) refers to stm32f10x_rcc.o(.text) for RCC_APB2PeriphResetCmd
    stm32f10x_i2c.o(.text) refers to stm32f10x_rcc.o(.text) for RCC_APB1PeriphResetCmd
    stm32f10x_pwr.o(.text) refers to stm32f10x_rcc.o(.text) for RCC_APB1PeriphResetCmd
    stm32f10x_rcc.o(.text) refers to stm32f10x_rcc.o(.data) for .data
    stm32f10x_spi.o(.text) refers to stm32f10x_rcc.o(.text) for RCC_APB2PeriphResetCmd
    stm32f10x_tim.o(.text) refers to stm32f10x_rcc.o(.text) for RCC_APB2PeriphResetCmd
    stm32f10x_usart.o(.text) refers to stm32f10x_rcc.o(.text) for RCC_APB2PeriphResetCmd
    stm32f10x_wwdg.o(.text) refers to stm32f10x_rcc.o(.text) for RCC_APB1PeriphResetCmd
    main.o(.text) refers to stm32f10x_tim.o(.text) for TIM_Cmd
    main.o(.text) refers to rc522.o(.text) for RC522_Init
    main.o(.text) refers to lcd.o(.text) for LCD_Clear
    main.o(.text) refers to memseta.o(.text) for __aeabi_memclr4
    main.o(.text) refers to printfa.o(i.__0sprintf) for __2sprintf
    main.o(.text) refers to usart.o(.text) for UART5TxData
    main.o(.text) refers to strcpy.o(.text) for strcpy
    main.o(.text) refers to tools.o(.text) for DealUpData
    main.o(.text) refers to key.o(.text) for KEY_Scan
    main.o(.text) refers to delay.o(.text) for delay_ms
    main.o(.text) refers to stm32f10x_gpio.o(.text) for GPIO_SetBits
    main.o(.text) refers to strcat.o(.text) for strcat
    main.o(.text) refers to strtol.o(.text) for strtol
    main.o(.text) refers to 24l01.o(.text) for NRF24L01_Init
    main.o(.text) refers to printfa.o(i.__0printf) for __2printf
    main.o(.text) refers to timer.o(.data) for is_send_breath
    main.o(.text) refers to lcd.o(.data) for POINT_COLOR
    main.o(.text) refers to usart.o(.data) for open_flag
    main.o(.text) refers to main.o(.data) for .data
    main.o(.text) refers to rc522.o(.data) for SN
    main.o(.text) refers to main.o(.bss) for .bss
    main.o(.text) refers to gpio.o(.text) for Init_Nbiot
    main.o(.text) refers to los_init.o(.text) for LOS_Start
    main.o(.text) refers to atof.o(i.atof) for atof
    main.o(.text) refers to d2f.o(.text) for __aeabi_d2f
    main.o(.text) refers to tools.o(.data) for Flag_Need_Init_Nbiot
    main.o(.text) refers to tools.o(.data) for Flag_device_error
    main.o(.text) refers to f2d.o(.text) for __aeabi_f2d
    main.o(.text) refers to los_sem.o(.text) for LOS_SemPend
    main.o(.text) refers to cdrcmple.o(.text) for __aeabi_cdrcmple
    main.o(.text) refers to los_task.o(.text) for LOS_TaskDelay
    main.o(.text) refers to stm32f10x_rtc.o(.text) for RTC_GetCounter
    main.o(.text) refers to rand.o(.text) for srand
    main.o(.text) refers to sys.o(.text) for NVIC_Configuration
    main.o(.text) refers to timer.o(.text) for TIM3_Int_Init
    24l01.o(.text) refers to stm32f10x_rcc.o(.text) for RCC_APB2PeriphClockCmd
    24l01.o(.text) refers to stm32f10x_gpio.o(.text) for GPIO_Init
    24l01.o(.text) refers to rc522.o(.text) for RC522_SPI_ReadWriteOneByte
    24l01.o(.text) refers to delay.o(.text) for delay_ms
    24l01.o(.text) refers to printfa.o(i.__0printf) for __2printf
    24l01.o(.text) refers to lcd.o(.text) for LCD_ShowString
    gpio.o(.text) refers to stm32f10x_gpio.o(.text) for GPIO_StructInit
    gpio.o(.text) refers to stm32f10x_rcc.o(.text) for RCC_APB2PeriphClockCmd
    gpio.o(.text) refers to usart.o(.text) for USART1TxStr
    gpio.o(.text) refers to lcd.o(.text) for LCD_ShowString
    gpio.o(.text) refers to delay.o(.text) for delay_ms
    gpio.o(.text) refers to tools.o(.text) for Wait_Str1_Str2_x_100ms
    gpio.o(.text) refers to strcpy.o(.text) for strcpy
    gpio.o(.text) refers to usart.o(.bss) for USART2_RX_BUF
[...]
    _printf_sizespec                         0x00000000   Number         0  stubs.o ABSOLUTE
    _printf_str                              0x00000000   Number         0  stubs.o ABSOLUTE
    _printf_truncate_signed                  0x00000000   Number         0  stubs.o ABSOLUTE
    _printf_truncate_unsigned                0x00000000   Number         0  stubs.o ABSOLUTE
    _printf_u                                0x00000000   Number         0  stubs.o ABSOLUTE
    _printf_wc                               0x00000000   Number         0  stubs.o ABSOLUTE
    _printf_wctomb                           0x00000000   Number         0  stubs.o ABSOLUTE
    _printf_widthprec                        0x00000000   Number         0  stubs.o ABSOLUTE
    _printf_x                                0x00000000   Number         0  stubs.o ABSOLUTE
    __arm_fini_                               - Undefined Weak Reference
    __cpp_initialize__aeabi_                  - Undefined Weak Reference
    __cxa_finalize                            - Undefined Weak Reference
    _clock_init                               - Undefined Weak Reference
    _microlib_exit                            - Undefined Weak Reference
    __Vectors_Size                           0x00000130   Number         0  startup_stm32f10x_hd.o ABSOLUTE
    __Vectors                                0x08000000   Data           4  startup_stm32f10x_hd.o(RESET)
    __Vectors_End                            0x08000130   Data           0  startup_stm32f10x_hd.o(RESET)
    __main                                   0x08000131   Thumb Code     0  entry.o(.ARM.Collect$$$$00000000)
    _main_stk                                0x08000131   Thumb Code     0  entry2.o(.ARM.Collect$$$$00000001)
    _main_scatterload                        0x08000135   Thumb Code     0  entry5.o(.ARM.Collect$$$$00000004)
    __main_after_scatterload                 0x08000139   Thumb Code     0  entry5.o(.ARM.Collect$$$$00000004)
    _main_clock                              0x08000139   Thumb Code     0  entry7b.o(.ARM.Collect$$$$00000008)
    _main_cpp_init                           0x08000139   Thumb Code     0  entry8b.o(.ARM.Collect$$$$0000000A)
    _main_init                               0x08000139   Thumb Code     0  entry9a.o(.ARM.Collect$$$$0000000B)
    __rt_lib_shutdown_fini                   0x08000141   Thumb Code     0  entry12b.o(.ARM.Collect$$$$0000000E)
    __rt_final_cpp                           0x08000145   Thumb Code     0  entry10a.o(.ARM.Collect$$$$0000000F)
    __rt_final_exit                          0x08000145   Thumb Code     0  entry11a.o(.ARM.Collect$$$$00000011)
    Reset_Handler                            0x08000149   Thumb Code     8  startup_stm32f10x_hd.o(.text)
    NMI_Handler                              0x08000151   Thumb Code     2  startup_stm32f10x_hd.o(.text)
    HardFault_Handler                        0x08000153   Thumb Code     2  startup_stm32f10x_hd.o(.text)
    MemManage_Handler                        0x08000155   Thumb Code     2  startup_stm32f10x_hd.o(.text)
    BusFault_Handler                         0x08000157   Thumb Code     2  startup_stm32f10x_hd.o(.text)
    UsageFault_Handler                       0x08000159   Thumb Code     2  startup_stm32f10x_hd.o(.text)
    SVC_Handler                              0x0800015b   Thumb Code     2  startup_stm32f10x_hd.o(.text)
    DebugMon_Handler                         0x0800015d   Thumb Code     2  startup_stm32f10x_hd.o(.text)
    ADC1_2_IRQHandler                        0x08000163   Thumb Code     0  startup_stm32f10x_hd.o(.text)
    ADC3_IRQHandler                          0x08000163   Thumb Code     0  startup_stm32f10x_hd.o(.text)
    CAN1_RX1_IRQHandler                      0x08000163   Thumb Code     0  startup_stm32f10x_hd.o(.text)
    CAN1_SCE_IRQHandler                      0x08000163   Thumb Code     0  startup_stm32f10x_hd.o(.text)
    DMA1_Channel1_IRQHandler                 0x08000163   Thumb Code     0  startup_stm32f10x_hd.o(.text)
    DMA1_Channel2_IRQHandler                 0x08000163   Thumb Code     0  startup_stm32f10x_hd.o(.text)
    DMA1_Channel3_IRQHandler                 0x08000163   Thumb Code     0  startup_stm32f10x_hd.o(.text)
    DMA1_Channel4_IRQHandler                 0x08000163   Thumb Code     0  startup_stm32f10x_hd.o(.text)
    DMA1_Channel5_IRQHandler                 0x08000163   Thumb Code     0  startup_stm32f10x_hd.o(.text)
    DMA1_Channel6_IRQHandler                 0x08000163   Thumb Code     0  startup_stm32f10x_hd.o(.text)
    DMA1_Channel7_IRQHandler                 0x08000163   Thumb Code     0  startup_stm32f10x_hd.o(.text)
    DMA2_Channel1_IRQHandler                 0x08000163   Thumb Code     0  startup_stm32f10x_hd.o(.text)
    DMA2_Channel2_IRQHandler                 0x08000163   Thumb Code     0  startup_stm32f10x_hd.o(.text)
    DMA2_Channel3_IRQHandler                 0x08000163   Thumb Code     0  startup_stm32f10x_hd.o(.text)
    DMA2_Channel4_5_IRQHandler               0x08000163   Thumb Code     0  startup_stm32f10x_hd.o(.text)
    EXTI0_IRQHandler                         0x08000163   Thumb Code     0  startup_stm32f10x_hd.o(.text)
    EXTI15_10_IRQHandler                     0x08000163   Thumb Code     0  startup_stm32f10x_hd.o(.text)
    EXTI1_IRQHandler                         0x08000163   Thumb Code     0  startup_stm32f10x_hd.o(.text)
    EXTI2_IRQHandler                         0x08000163   Thumb Code     0  startup_stm32f10x_hd.o(.text)
    EXTI3_IRQHandler                         0x08000163   Thumb Code     0  startup_stm32f10x_hd.o(.text)
    EXTI4_IRQHandler                         0x08000163   Thumb Code     0  startup_stm32f10x_hd.o(.text)
    EXTI9_5_IRQHandler                       0x08000163   Thumb Code     0  startup_stm32f10x_hd.o(.text)
    FLASH_IRQHandler                         0x08000163   Thumb Code     0  startup_stm32f10x_hd.o(.text)
    FSMC_IRQHandler                          0x08000163   Thumb Code     0  startup_stm32f10x_hd.o(.text)
    I2C1_ER_IRQHandler                       0x08000163   Thumb Code     0  startup_stm32f10x_hd.o(.text)
    I2C1_EV_IRQHandler                       0x08000163   Thumb Code     0  startup_stm32f10x_hd.o(.text)
    I2C2_ER_IRQHandler                       0x08000163   Thumb Code     0  startup_stm32f10x_hd.o(.text)
    I2C2_EV_IRQHandler                       0x08000163   Thumb Code     0  startup_stm32f10x_hd.o(.text)
    PVD_IRQHandler                           0x08000163   Thumb Code     0  startup_stm32f10x_hd.o(.text)
    RCC_IRQHandler                           0x08000163   Thumb Code     0  startup_stm32f10x_hd.o(.text)
    RTCAlarm_IRQHandler                      0x08000163   Thumb Code     0  startup_stm32f10x_hd.o(.text)
    RTC_IRQHandler                           0x08000163   Thumb Code     0  startup_stm32f10x_hd.o(.text)
    SDIO_IRQHandler                          0x08000163   Thumb Code     0  startup_stm32f10x_hd.o(.text)
    SPI1_IRQHandler                          0x08000163   Thumb Code     0  startup_stm32f10x_hd.o(.text)
    SPI2_IRQHandler                          0x08000163   Thumb Code     0  startup_stm32f10x_hd.o(.text)
    SPI3_IRQHandler                          0x08000163   Thumb Code     0  startup_stm32f10x_hd.o(.text)
    TAMPER_IRQHandler                        0x08000163   Thumb Code     0  startup_stm32f10x_hd.o(.text)
    TIM1_BRK_IRQHandler                      0x08000163   Thumb Code     0  startup_stm32f10x_hd.o(.text)
    TIM1_CC_IRQHandler                       0x08000163   Thumb Code     0  startup_stm32f10x_hd.o(.text)
    TIM1_TRG_COM_IRQHandler                  0x08000163   Thumb Code     0  startup_stm32f10x_hd.o(.text)
    TIM1_UP_IRQHandler                       0x08000163   Thumb Code     0  startup_stm32f10x_hd.o(.text)
    TIM2_IRQHandler                          0x08000163   Thumb Code     0  startup_stm32f10x_hd.o(.text)
    TIM4_IRQHandler                          0x08000163   Thumb Code     0  startup_stm32f10x_hd.o(.text)
    TIM5_IRQHandler                          0x08000163   Thumb Code     0  startup_stm32f10x_hd.o(.text)
    TIM6_IRQHandler                          0x08000163   Thumb Code     0  startup_stm32f10x_hd.o(.text)
    TIM7_IRQHandler                          0x08000163   Thumb Code     0  startup_stm32f10x_hd.o(.text)
    TIM8_BRK_IRQHandler                      0x08000163   Thumb Code     0  startup_stm32f10x_hd.o(.text)
    TIM8_CC_IRQHandler                       0x08000163   Thumb Code     0  startup_stm32f10x_hd.o(.text)
    TIM8_TRG_COM_IRQHandler                  0x08000163   Thumb Code     0  startup_stm32f10x_hd.o(.text)
    TIM8_UP_IRQHandler                       0x08000163   Thumb Code     0  startup_stm32f10x_hd.o(.text)
    UART4_IRQHandler                         0x08000163   Thumb Code     0  startup_stm32f10x_hd.o(.text)
    USBWakeUp_IRQHandler                     0x08000163   Thumb Code     0  startup_stm32f10x_hd.o(.text)
    USB_HP_CAN1_TX_IRQHandler                0x08000163   Thumb Code     0  startup_stm32f10x_hd.o(.text)
    USB_LP_CAN1_RX0_IRQHandler               0x08000163   Thumb Code     0  startup_stm32f10x_hd.o(.text)
    WWDG_IRQHandler                          0x08000163   Thumb Code     0  startup_stm32f10x_hd.o(.text)
    SystemInit                               0x08000215   Thumb Code    64  system_stm32f10x.o(.text)
    SystemCoreClockUpdate                    0x08000255   Thumb Code   106  system_stm32f10x.o(.text)
    NVIC_PriorityGroupConfig                 0x080002e1   Thumb Code    10  misc.o(.text)
    NVIC_Init                                0x080002eb   Thumb Code    96  misc.o(.text)
    NVIC_SetVectorTable                      0x0800034b   Thumb Code    14  misc.o(.text)
    NVIC_SystemLPConfig                      0x08000359   Thumb Code    24  misc.o(.text)
    SysTick_CLKSourceConfig                  0x08000371   Thumb Code    28  misc.o(.text)
    GPIO_DeInit                              0x08000399   Thumb Code   188  stm32f10x_gpio.o(.text)
    GPIO_AFIODeInit                          0x08000455   Thumb Code    22  stm32f10x_gpio.o(.text)
    GPIO_Init                                0x0800046b   Thumb Code   166  stm32f10x_gpio.o(.text)
    GPIO_StructInit                          0x08000511   Thumb Code    16  stm32f10x_gpio.o(.text)
    GPIO_ReadInputDataBit                    0x08000521   Thumb Code    14  stm32f10x_gpio.o(.text)
    GPIO_ReadInputData                       0x0800052f   Thumb Code     6  stm32f10x_gpio.o(.text)
    GPIO_ReadOutputDataBit                   0x08000535   Thumb Code    14  stm32f10x_gpio.o(.text)
    GPIO_ReadOutputData                      0x08000543   Thumb Code     6  stm32f10x_gpio.o(.text)
    GPIO_SetBits                             0x08000549   Thumb Code     4  stm32f10x_gpio.o(.text)
    GPIO_ResetBits                           0x0800054d   Thumb Code     4  stm32f10x_gpio.o(.text)
    GPIO_WriteBit                            0x08000551   Thumb Code    12  stm32f10x_gpio.o(.text)
    GPIO_Write                               0x0800055d   Thumb Code     4  stm32f10x_gpio.o(.text)
    GPIO_PinLockConfig                       0x08000561   Thumb Code    16  stm32f10x_gpio.o(.text)
    GPIO_EventOutputConfig                   0x08000571   Thumb Code    22  stm32f10x_gpio.o(.text)
    GPIO_EventOutputCmd                      0x08000587   Thumb Code     6  stm32f10x_gpio.o(.text)
    GPIO_PinRemapConfig                      0x0800058d   Thumb Code    86  stm32f10x_gpio.o(.text)
    GPIO_EXTILineConfig                      0x080005e3   Thumb Code    34  stm32f10x_gpio.o(.text)
    GPIO_ETH_MediaInterfaceConfig            0x08000605   Thumb Code     8  stm32f10x_gpio.o(.text)
    RCC_DeInit                               0x08000631   Thumb Code    50  stm32f10x_rcc.o(.text)
    RCC_HSEConfig                            0x08000663   Thumb Code    50  stm32f10x_rcc.o(.text)
    RCC_GetFlagStatus                        0x08000695   Thumb Code    42  stm32f10x_rcc.o(.text)
    RCC_WaitForHSEStartUp                    0x080006bf   Thumb Code    48  stm32f10x_rcc.o(.text)
    RCC_AdjustHSICalibrationValue            0x080006ef   Thumb Code    16  stm32f10x_rcc.o(.text)
    RCC_HSICmd                               0x080006ff   Thumb Code     6  stm32f10x_rcc.o(.text)
    RCC_PLLConfig                            0x08000705   Thumb Code    16  stm32f10x_rcc.o(.text)
    RCC_PLLCmd                               0x08000715   Thumb Code     6  stm32f10x_rcc.o(.text)
    RCC_SYSCLKConfig                         0x0800071b   Thumb Code    14  stm32f10x_rcc.o(.text)
    RCC_GetSYSCLKSource                      0x08000729   Thumb Code    10  stm32f10x_rcc.o(.text)
    RCC_HCLKConfig                           0x08000733   Thumb Code    14  stm32f10x_rcc.o(.text)
    RCC_PCLK1Config                          0x08000741   Thumb Code    14  stm32f10x_rcc.o(.text)
    RCC_PCLK2Config                          0x0800074f   Thumb Code    16  stm32f10x_rcc.o(.text)
    RCC_ITConfig                             0x0800075f   Thumb Code    22  stm32f10x_rcc.o(.text)
    RCC_USBCLKConfig                         0x08000775   Thumb Code     8  stm32f10x_rcc.o(.text)
    RCC_ADCCLKConfig                         0x0800077d   Thumb Code    14  stm32f10x_rcc.o(.text)
    RCC_LSEConfig                            0x0800078b   Thumb Code    36  stm32f10x_rcc.o(.text)
    RCC_LSICmd                               0x080007af   Thumb Code     6  stm32f10x_rcc.o(.text)
    RCC_RTCCLKConfig                         0x080007b5   Thumb Code    10  stm32f10x_rcc.o(.text)
    RCC_RTCCLKCmd                            0x080007bf   Thumb Code     8  stm32f10x_rcc.o(.text)
    RCC_GetClocksFreq                        0x080007c7   Thumb Code   154  stm32f10x_rcc.o(.text)
    RCC_AHBPeriphClockCmd                    0x08000861   Thumb Code    22  stm32f10x_rcc.o(.text)
    RCC_APB2PeriphClockCmd                   0x08000877   Thumb Code    22  stm32f10x_rcc.o(.text)
    RCC_APB1PeriphClockCmd                   0x0800088d   Thumb Code    22  stm32f10x_rcc.o(.text)
    RCC_APB2PeriphResetCmd                   0x080008a3   Thumb Code    22  stm32f10x_rcc.o(.text)
    RCC_APB1PeriphResetCmd                   0x080008b9   Thumb Code    22  stm32f10x_rcc.o(.text)
    RCC_BackupResetCmd                       0x080008cf   Thumb Code     8  stm32f10x_rcc.o(.text)
    RCC_ClockSecuritySystemCmd               0x080008d7   Thumb Code     6  stm32f10x_rcc.o(.text)
    RCC_MCOConfig                            0x080008dd   Thumb Code     6  stm32f10x_rcc.o(.text)
    RCC_ClearFlag                            0x080008e3   Thumb Code    12  stm32f10x_rcc.o(.text)
    RCC_GetITStatus                          0x080008ef   Thumb Code    16  stm32f10x_rcc.o(.text)
    RCC_ClearITPendingBit                    0x080008ff   Thumb Code     6  stm32f10x_rcc.o(.text)
    RTC_ITConfig                             0x08000925   Thumb Code    22  stm32f10x_rtc.o(.text)
    RTC_EnterConfigMode                      0x0800093b   Thumb Code    14  stm32f10x_rtc.o(.text)
    RTC_ExitConfigMode                       0x08000949   Thumb Code    14  stm32f10x_rtc.o(.text)
    RTC_GetCounter                           0x08000957   Thumb Code    18  stm32f10x_rtc.o(.text)
    RTC_SetCounter                           0x08000969   Thumb Code    26  stm32f10x_rtc.o(.text)
    RTC_SetPrescaler                         0x08000983   Thumb Code    28  stm32f10x_rtc.o(.text)
    RTC_SetAlarm                             0x0800099f   Thumb Code    26  stm32f10x_rtc.o(.text)
    RTC_GetDivider                           0x080009b9   Thumb Code    20  stm32f10x_rtc.o(.text)
    RTC_WaitForLastTask                      0x080009cd   Thumb Code    12  stm32f10x_rtc.o(.text)
    RTC_WaitForSynchro                       0x080009d9   Thumb Code    20  stm32f10x_rtc.o(.text)
    RTC_GetFlagStatus                        0x080009ed   Thumb Code    18  stm32f10x_rtc.o(.text)
    RTC_ClearFlag                            0x080009ff   Thumb Code    12  stm32f10x_rtc.o(.text)
    RTC_GetITStatus                          0x08000a0b   Thumb Code    28  stm32f10x_rtc.o(.text)
    RTC_ClearITPendingBit                    0x08000a27   Thumb Code    12  stm32f10x_rtc.o(.text)
    SPI_I2S_DeInit                           0x08000a39   Thumb Code    88  stm32f10x_spi.o(.text)
    SPI_Init                                 0x08000a91   Thumb Code    56  stm32f10x_spi.o(.text)
    I2S_Init                                 0x08000ac9   Thumb Code   168  stm32f10x_spi.o(.text)
    SPI_StructInit                           0x08000b71   Thumb Code    24  stm32f10x_spi.o(.text)
    I2S_StructInit                           0x08000b89   Thumb Code    18  stm32f10x_spi.o(.text)
    SPI_Cmd                                  0x08000b9b   Thumb Code    24  stm32f10x_spi.o(.text)
    I2S_Cmd                                  0x08000bb3   Thumb Code    24  stm32f10x_spi.o(.text)
    SPI_I2S_ITConfig                         0x08000bcb   Thumb Code    28  stm32f10x_spi.o(.text)
    SPI_I2S_DMACmd                           0x08000be7   Thumb Code    20  stm32f10x_spi.o(.text)
    SPI_I2S_SendData                         0x08000bfb   Thumb Code     4  stm32f10x_spi.o(.text)
    SPI_I2S_ReceiveData                      0x08000bff   Thumb Code     4  stm32f10x_spi.o(.text)
    SPI_NSSInternalSoftwareConfig            0x08000c03   Thumb Code    28  stm32f10x_spi.o(.text)
    SPI_SSOutputCmd                          0x08000c1f   Thumb Code    24  stm32f10x_spi.o(.text)
    SPI_DataSizeConfig                       0x08000c37   Thumb Code    16  stm32f10x_spi.o(.text)
    SPI_TransmitCRC                          0x08000c47   Thumb Code    10  stm32f10x_spi.o(.text)
    SPI_CalculateCRC                         0x08000c51   Thumb Code    24  stm32f10x_spi.o(.text)
    SPI_GetCRC                               0x08000c69   Thumb Code    12  stm32f10x_spi.o(.text)
    SPI_GetCRCPolynomial                     0x08000c75   Thumb Code     4  stm32f10x_spi.o(.text)
    SPI_BiDirectionalLineConfig              0x08000c79   Thumb Code    26  stm32f10x_spi.o(.text)
    SPI_I2S_GetFlagStatus                    0x08000c93   Thumb Code    14  stm32f10x_spi.o(.text)
    SPI_I2S_ClearFlag                        0x08000ca1   Thumb Code     6  stm32f10x_spi.o(.text)
    SPI_I2S_GetITStatus                      0x08000ca7   Thumb Code    44  stm32f10x_spi.o(.text)
    SPI_I2S_ClearITPendingBit                0x08000cd3   Thumb Code    14  stm32f10x_spi.o(.text)
    TIM_DeInit                               0x08000ced   Thumb Code   464  stm32f10x_tim.o(.text)
    TIM_TimeBaseInit                         0x08000ebd   Thumb Code   114  stm32f10x_tim.o(.text)
    TIM_OC1Init                              0x08000f2f   Thumb Code   114  stm32f10x_tim.o(.text)
    TIM_OC2Init                              0x08000fa1   Thumb Code   128  stm32f10x_tim.o(.text)
    TIM_OC3Init                              0x08001021   Thumb Code   124  stm32f10x_tim.o(.text)
    TIM_OC4Init                              0x0800109d   Thumb Code   160  stm32f10x_tim.o(.text)
    TIM_SetIC4Prescaler                      0x0800113d   Thumb Code    24  stm32f10x_tim.o(.text)
    TIM_SetIC3Prescaler                      0x080011bb   Thumb Code    16  stm32f10x_tim.o(.text)
    TIM_SetIC2Prescaler                      0x0800122d   Thumb Code    24  stm32f10x_tim.o(.text)
    TIM_SetIC1Prescaler                      0x080012ab   Thumb Code    16  stm32f10x_tim.o(.text)
    TIM_ICInit                               0x08001319   Thumb Code   114  stm32f10x_tim.o(.text)
    TIM_PWMIConfig                           0x0800138b   Thumb Code   106  stm32f10x_tim.o(.text)
    TIM_BDTRConfig                           0x080013f5   Thumb Code    34  stm32f10x_tim.o(.text)
    TIM_TimeBaseStructInit                   0x08001417   Thumb Code    18  stm32f10x_tim.o(.text)
    TIM_OCStructInit                         0x08001429   Thumb Code    20  stm32f10x_tim.o(.text)
    TIM_ICStructInit                         0x0800143d   Thumb Code    16  stm32f10x_tim.o(.text)
    TIM_BDTRStructInit                       0x0800144d   Thumb Code    18  stm32f10x_tim.o(.text)
    TIM_Cmd                                  0x0800145f   Thumb Code    24  stm32f10x_tim.o(.text)
    TIM_CtrlPWMOutputs                       0x08001477   Thumb Code    28  stm32f10x_tim.o(.text)
    TIM_ITConfig                             0x08001493   Thumb Code    20  stm32f10x_tim.o(.text)
    TIM_GenerateEvent                        0x080014a7   Thumb Code     4  stm32f10x_tim.o(.text)
    TIM_DMAConfig                            0x080014ab   Thumb Code     8  stm32f10x_tim.o(.text)
    TIM_DMACmd                               0x080014b3   Thumb Code    20  stm32f10x_tim.o(.text)
    TIM_InternalClockConfig                  0x080014c7   Thumb Code    10  stm32f10x_tim.o(.text)
    TIM_SelectInputTrigger                   0x080014d1   Thumb Code    12  stm32f10x_tim.o(.text)
    TIM_ITRxExternalClockConfig              0x080014dd   Thumb Code    20  stm32f10x_tim.o(.text)
    TIM_TIxExternalClockConfig               0x080014f1   Thumb Code    48  stm32f10x_tim.o(.text)
    TIM_ETRConfig                            0x08001521   Thumb Code    24  stm32f10x_tim.o(.text)
    TIM_ETRClockMode1Config                  0x08001539   Thumb Code    52  stm32f10x_tim.o(.text)
    TIM_ETRClockMode2Config                  0x0800156d   Thumb Code    20  stm32f10x_tim.o(.text)
    TIM_PrescalerConfig                      0x08001581   Thumb Code     6  stm32f10x_tim.o(.text)
    TIM_CounterModeConfig                    0x08001587   Thumb Code    12  stm32f10x_tim.o(.text)
    TIM_EncoderInterfaceConfig               0x08001593   Thumb Code    50  stm32f10x_tim.o(.text)
    TIM_ForcedOC1Config                      0x080015c5   Thumb Code    12  stm32f10x_tim.o(.text)
    TIM_ForcedOC2Config                      0x080015d1   Thumb Code    20  stm32f10x_tim.o(.text)
    TIM_ForcedOC3Config                      0x080015e5   Thumb Code    12  stm32f10x_tim.o(.text)
    TIM_ForcedOC4Config                      0x080015f1   Thumb Code    20  stm32f10x_tim.o(.text)
    TIM_ARRPreloadConfig                     0x08001605   Thumb Code    24  stm32f10x_tim.o(.text)
    TIM_SelectCOM                            0x0800161d   Thumb Code    24  stm32f10x_tim.o(.text)
    TIM_SelectCCDMA                          0x08001635   Thumb Code    24  stm32f10x_tim.o(.text)
    TIM_CCPreloadControl                     0x0800164d   Thumb Code    24  stm32f10x_tim.o(.text)
    TIM_OC1PreloadConfig                     0x08001665   Thumb Code    12  stm32f10x_tim.o(.text)
    TIM_OC2PreloadConfig                     0x08001671   Thumb Code    20  stm32f10x_tim.o(.text)
    TIM_OC3PreloadConfig                     0x08001685   Thumb Code    12  stm32f10x_tim.o(.text)
    TIM_OC4PreloadConfig                     0x08001691   Thumb Code    20  stm32f10x_tim.o(.text)
    TIM_OC1FastConfig                        0x080016a5   Thumb Code    12  stm32f10x_tim.o(.text)
    TIM_OC2FastConfig                        0x080016b1   Thumb Code    20  stm32f10x_tim.o(.text)
    TIM_OC3FastConfig                        0x080016c5   Thumb Code    12  stm32f10x_tim.o(.text)
    TIM_OC4FastConfig                        0x080016d1   Thumb Code    20  stm32f10x_tim.o(.text)
    TIM_ClearOC1Ref                          0x080016e5   Thumb Code    12  stm32f10x_tim.o(.text)
    TIM_ClearOC2Ref                          0x080016f1   Thumb Code    20  stm32f10x_tim.o(.text)
    TIM_ClearOC3Ref                          0x08001705   Thumb Code    12  stm32f10x_tim.o(.text)
    TIM_ClearOC4Ref                          0x08001711   Thumb Code    20  stm32f10x_tim.o(.text)
    TIM_OC1PolarityConfig                    0x08001725   Thumb Code    12  stm32f10x_tim.o(.text)
    TIM_OC1NPolarityConfig                   0x08001731   Thumb Code    12  stm32f10x_tim.o(.text)
    TIM_OC2PolarityConfig                    0x0800173d   Thumb Code    20  stm32f10x_tim.o(.text)
    TIM_OC2NPolarityConfig                   0x08001751   Thumb Code    20  stm32f10x_tim.o(.text)
    TIM_OC3PolarityConfig                    0x08001765   Thumb Code    20  stm32f10x_tim.o(.text)
    TIM_OC3NPolarityConfig                   0x08001779   Thumb Code    20  stm32f10x_tim.o(.text)
    TIM_OC4PolarityConfig                    0x0800178d   Thumb Code    20  stm32f10x_tim.o(.text)
    TIM_CCxCmd                               0x080017a1   Thumb Code    22  stm32f10x_tim.o(.text)
    TIM_CCxNCmd                              0x080017b7   Thumb Code    22  stm32f10x_tim.o(.text)
    TIM_SelectOCxM                           0x080017cd   Thumb Code    76  stm32f10x_tim.o(.text)
    TIM_UpdateDisableConfig                  0x08001819   Thumb Code    24  stm32f10x_tim.o(.text)
    TIM_UpdateRequestConfig                  0x08001831   Thumb Code    24  stm32f10x_tim.o(.text)
    TIM_SelectHallSensor                     0x08001849   Thumb Code    24  stm32f10x_tim.o(.text)
    TIM_SelectOnePulseMode                   0x08001861   Thumb Code    16  stm32f10x_tim.o(.text)
    TIM_SelectOutputTrigger                  0x08001871   Thumb Code    16  stm32f10x_tim.o(.text)
    TIM_SelectSlaveMode                      0x08001881   Thumb Code    16  stm32f10x_tim.o(.text)
    TIM_SelectMasterSlaveMode                0x08001891   Thumb Code    16  stm32f10x_tim.o(.text)
    TIM_SetCounter                           0x080018a1   Thumb Code     4  stm32f10x_tim.o(.text)
    TIM_SetAutoreload                        0x080018a5   Thumb Code     4  stm32f10x_tim.o(.text)
    TIM_SetCompare1                          0x080018a9   Thumb Code     4  stm32f10x_tim.o(.text)
    TIM_SetCompare2                          0x080018ad   Thumb Code     4  stm32f10x_tim.o(.text)
    TIM_SetCompare3                          0x080018b1   Thumb Code     4  stm32f10x_tim.o(.text)
    TIM_SetCompare4                          0x080018b5   Thumb Code     6  stm32f10x_tim.o(.text)
    TIM_SetClockDivision                     0x080018bb   Thumb Code    16  stm32f10x_tim.o(.text)
    TIM_GetCapture1                          0x080018cb   Thumb Code     4  stm32f10x_tim.o(.text)
    TIM_GetCapture2                          0x080018cf   Thumb Code     4  stm32f10x_tim.o(.text)
    TIM_GetCapture3                          0x080018d3   Thumb Code     4  stm32f10x_tim.o(.text)
    TIM_GetCapture4                          0x080018d7   Thumb Code     6  stm32f10x_tim.o(.text)
    TIM_GetCounter                           0x080018dd   Thumb Code     4  stm32f10x_tim.o(.text)
    TIM_GetPrescaler                         0x080018e1   Thumb Code     4  stm32f10x_tim.o(.text)
    TIM_GetFlagStatus                        0x080018e5   Thumb Code    14  stm32f10x_tim.o(.text)
    TIM_ClearFlag                            0x080018f3   Thumb Code     6  stm32f10x_tim.o(.text)
    TIM_GetITStatus                          0x080018f9   Thumb Code    24  stm32f10x_tim.o(.text)
    TIM_ClearITPendingBit                    0x08001911   Thumb Code     6  stm32f10x_tim.o(.text)
    USART_DeInit                             0x08001919   Thumb Code   144  stm32f10x_usart.o(.text)
    USART_Init                               0x080019a9   Thumb Code   182  stm32f10x_usart.o(.text)
    USART_StructInit                         0x08001a5f   Thumb Code    22  stm32f10x_usart.o(.text)
    USART_ClockInit                          0x08001a75   Thumb Code    30  stm32f10x_usart.o(.text)
    USART_ClockStructInit                    0x08001a93   Thumb Code    12  stm32f10x_usart.o(.text)
    USART_Cmd                                0x08001a9f   Thumb Code    24  stm32f10x_usart.o(.text)
    USART_ITConfig                           0x08001ab7   Thumb Code    54  stm32f10x_usart.o(.text)
    USART_DMACmd                             0x08001aed   Thumb Code    20  stm32f10x_usart.o(.text)
    USART_SetAddress                         0x08001b01   Thumb Code    16  stm32f10x_usart.o(.text)
    USART_WakeUpConfig                       0x08001b11   Thumb Code    16  stm32f10x_usart.o(.text)
    USART_ReceiverWakeUpCmd                  0x08001b21   Thumb Code    24  stm32f10x_usart.o(.text)
    USART_LINBreakDetectLengthConfig         0x08001b39   Thumb Code    16  stm32f10x_usart.o(.text)
    USART_LINCmd                             0x08001b49   Thumb Code    24  stm32f10x_usart.o(.text)
    USART_SendData                           0x08001b61   Thumb Code     8  stm32f10x_usart.o(.text)
    USART_ReceiveData                        0x08001b69   Thumb Code     8  stm32f10x_usart.o(.text)
    USART_SendBreak                          0x08001b71   Thumb Code    10  stm32f10x_usart.o(.text)
    USART_SetGuardTime                       0x08001b7b   Thumb Code    16  stm32f10x_usart.o(.text)
    USART_SetPrescaler                       0x08001b8b   Thumb Code    16  stm32f10x_usart.o(.text)
    USART_SmartCardCmd                       0x08001b9b   Thumb Code    24  stm32f10x_usart.o(.text)
    USART_SmartCardNACKCmd                   0x08001bb3   Thumb Code    24  stm32f10x_usart.o(.text)
    USART_HalfDuplexCmd                      0x08001bcb   Thumb Code    24  stm32f10x_usart.o(.text)
    USART_OverSampling8Cmd                   0x08001be3   Thumb Code    24  stm32f10x_usart.o(.text)
    USART_OneBitMethodCmd                    0x08001bfb   Thumb Code    24  stm32f10x_usart.o(.text)
    USART_IrDAConfig                         0x08001c13   Thumb Code    16  stm32f10x_usart.o(.text)
    USART_IrDACmd                            0x08001c23   Thumb Code    24  stm32f10x_usart.o(.text)
    USART_GetFlagStatus                      0x08001c3b   Thumb Code    14  stm32f10x_usart.o(.text)
    USART_ClearFlag                          0x08001c49   Thumb Code     8  stm32f10x_usart.o(.text)
    USART_GetITStatus                        0x08001c51   Thumb Code    64  stm32f10x_usart.o(.text)
    USART_ClearITPendingBit                  0x08001c91   Thumb Code    16  stm32f10x_usart.o(.text)
    rc522                                    0x08001cb5   Thumb Code   762  main.o(.text)
    HexToStr                                 0x08001faf   Thumb Code    54  main.o(.text)
    GetNextTXAddress                         0x08001fe5   Thumb Code    72  main.o(.text)
    AddTXAddressToList                       0x0800202d   Thumb Code    88  main.o(.text)
    nRF24L01                                 0x08002085   Thumb Code   312  main.o(.text)
    controllLED                              0x080021bd   Thumb Code   384  main.o(.text)
    setMaxValue                              0x0800233d   Thumb Code   892  main.o(.text)
    AddMeunChineseItem                       0x080026b9   Thumb Code   152  main.o(.text)
    AddMeunItem                              0x08002751   Thumb Code   152  main.o(.text)
    mainMenu                                 0x080027e9   Thumb Code   646  main.o(.text)
    main                                     0x080030dd   Thumb Code    50  main.o(.text)
    collectSensorData                        0x0800310f   Thumb Code   748  main.o(.text)
    dataReceive                              0x080033fb   Thumb Code    20  main.o(.text)
    NRF24L01_Init                            0x080034cd   Thumb Code   136  24l01.o(.text)
    NRF24L01_Read_Buf                        0x08003555   Thumb Code    54  24l01.o(.text)
    NRF24L01_Write_Buf                       0x0800358b   Thumb Code    52  24l01.o(.text)
    NRF24L01_Check                           0x080035bf   Thumb Code    60  24l01.o(.text)
    NRF24L01_Write_Reg                       0x080035fb   Thumb Code    34  24l01.o(.text)
    NRF24L01_Read_Reg                        0x0800361d   Thumb Code    24  24l01.o(.text)
    NRF24L01_TxPacket                        0x08003635   Thumb Code    78  24l01.o(.text)
    NRF24L01_RxPacket                        0x08003683   Thumb Code    50  24l01.o(.text)
    NRF24L01_RX_Mode                         0x080036b5   Thumb Code   134  24l01.o(.text)
    NRF24L01_TX_Mode                         0x0800373b   Thumb Code   114  24l01.o(.text)
    GPIO_Configuration                       0x080037e1   Thumb Code   226  gpio.o(.text)
    Init_Nbiot                               0x080038c3   Thumb Code  1792  gpio.o(.text)
    key_init                                 0x08004145   Thumb Code    34  key.o(.text)
    key_scan_task                            0x08004167   Thumb Code     2  key.o(.text)
    KEY_Scan                                 0x08004169   Thumb Code   236  key.o(.text)
    LCD_Writ_Bus                             0x0800425d   Thumb Code     4  lcd.o(.text)
    LCD_WR_DATA8                             0x08004261   Thumb Code    20  lcd.o(.text)
    LCD_WR_DATA                              0x08004275   Thumb Code    28  lcd.o(.text)
    LCD_WR_REG                               0x08004291   Thumb Code    20  lcd.o(.text)
    LCD_WR_REG_DATA                          0x080042a5   Thumb Code    18  lcd.o(.text)
    Address_set                              0x080042b7   Thumb Code    88  lcd.o(.text)
    LCD_Clear                                0x0800430f   Thumb Code    50  lcd.o(.text)
    Lcd_Init                                 0x08004341   Thumb Code   590  lcd.o(.text)
    LCD_DrawPoint                            0x0800458f   Thumb Code    20  lcd.o(.text)
    LCD_ShowChar                             0x080045a3   Thumb Code   186  lcd.o(.text)
    LCD_ShowString                           0x0800465d   Thumb Code    66  lcd.o(.text)
    LCD_Show_One_Chinese16x16                0x0800469f   Thumb Code   136  lcd.o(.text)
    LCD_Show_Chinese16x16                    0x08004727   Thumb Code    40  lcd.o(.text)
    LCD_DrawLine                             0x0800474f   Thumb Code   140  lcd.o(.text)
    LCD_DrawRectangle                        0x080047db   Thumb Code    62  lcd.o(.text)
    LCD_Fill                                 0x08004819   Thumb Code    54  lcd.o(.text)
    LCD_LoadBar                              0x0800484f   Thumb Code    94  lcd.o(.text)
    print_info                               0x080048b5   Thumb Code    34  rc522.o(.text)
    RC522_SPI_ReadWriteOneByte               0x080048d7   Thumb Code    66  rc522.o(.text)
    RC522_WriteRawRC                         0x08004919   Thumb Code    32  rc522.o(.text)
    RC522_ReadRawRC                          0x08004939   Thumb Code    34  rc522.o(.text)
    RC522_SetBitMask                         0x0800495b   Thumb Code    24  rc522.o(.text)
    RC522_ClearBitMask                       0x08004973   Thumb Code    24  rc522.o(.text)
    RC522_PcdComMF522                        0x0800498b   Thumb Code   288  rc522.o(.text)
    RC522_CalulateCRC                        0x08004aab   Thumb Code    96  rc522.o(.text)
    RC522_PcdSelect                          0x08004b0b   Thumb Code   100  rc522.o(.text)
    RC522_PcdAnticoll                        0x08004b6f   Thumb Code   108  rc522.o(.text)
    RC522_PcdRequest                         0x08004bdb   Thumb Code    82  rc522.o(.text)
    read_card                                0x08004c2d   Thumb Code    64  rc522.o(.text)
    RC522_PcdWrite                           0x08004c6d   Thumb Code   180  rc522.o(.text)
    RC522_PcdAuthState                       0x08004d21   Thumb Code    64  rc522.o(.text)
    card_passworld                           0x08004d61   Thumb Code    52  rc522.o(.text)
    write_card_data                          0x08004d95   Thumb Code    66  rc522.o(.text)
    RC522_PcdRead                            0x08004dd7   Thumb Code    74  rc522.o(.text)
    read_card_data                           0x08004e21   Thumb Code    68  rc522.o(.text)
    RC522_IO_Init                            0x08004e65   Thumb Code    98  rc522.o(.text)
    RC522_MFRC522_SelectTag                  0x08004ec7   Thumb Code   106  rc522.o(.text)
    RC522_Delay                              0x08004f31   Thumb Code    18  rc522.o(.text)
    RC522_PcdAntennaOn                       0x08004f43   Thumb Code    24  rc522.o(.text)
    M500PcdConfigISOType                     0x08004f5b   Thumb Code    90  rc522.o(.text)
    RC522_PcdAntennaOff                      0x08004fb5   Thumb Code     6  rc522.o(.text)
    RC522_PcdReset                           0x08004fbb   Thumb Code   106  rc522.o(.text)
    RC522_Init                               0x08005025   Thumb Code    32  rc522.o(.text)
    RC522_Reset                              0x08005045   Thumb Code    22  rc522.o(.text)
    RC522_PcdHalt                            0x0800505b   Thumb Code    50  rc522.o(.text)
    notarize_type1                           0x0800508d   Thumb Code   206  rc522.o(.text)
    notarize_type3                           0x0800515b   Thumb Code   462  rc522.o(.text)
    SPI2_ReadWriteByte                       0x08005379   Thumb Code    82  spi.o(.text)
    SPI2_Init                                0x080053cb   Thumb Code   126  spi.o(.text)
    SPI2_SetSpeed                            0x08005449   Thumb Code    24  spi.o(.text)
    NVIC_Configuration                       0x08005469   Thumb Code     8  sys.o(.text)
    TIM3_Int_Init                            0x08005471   Thumb Code    90  timer.o(.text)
    TIM3_IRQHandler                          0x080054cb   Thumb Code   154  timer.o(.text)
    my_strcat                                0x0800557d   Thumb Code    34  tools.o(.text)
    StringToHexstring                        0x0800559f   Thumb Code    72  tools.o(.text)
    Wait_OK                                  0x080055e7   Thumb Code    16  tools.o(.text)
    copy_str                                 0x080055f7   Thumb Code    20  tools.o(.text)
    Query                                    0x0800560b   Thumb Code    66  tools.o(.text)
    Wait_Str_x_100ms                         0x0800564d   Thumb Code   202  tools.o(.text)
    Wait_Str1_Str2_x_100ms                   0x08005717   Thumb Code   232  tools.o(.text)
    Wait_OK_x_100ms                          0x080057ff   Thumb Code    50  tools.o(.text)
    Wait_ready_x_100ms                       0x08005831   Thumb Code    76  tools.o(.text)
    DealUpData                               0x0800587d   Thumb Code   160  tools.o(.text)
    Array_CLR                                0x0800591d   Thumb Code    16  tools.o(.text)
    _sys_exit                                0x08005a2d   Thumb Code     2  usart.o(.text)
    fputc                                    0x08005a2f   Thumb Code    18  usart.o(.text)
    Usart1_Init                              0x08005a41   Thumb Code   160  usart.o(.text)
    Usart1_Remap_Init                        0x08005ae1   Thumb Code   156  usart.o(.text)
    USART1TxChar                             0x08005b7d   Thumb Code    26  usart.o(.text)
    USART1TxData                             0x08005b97   Thumb Code    20  usart.o(.text)
    USART1TxData_hex                         0x08005bab   Thumb Code    26  usart.o(.text)
    USART1TxStr                              0x08005bc5   Thumb Code    20  usart.o(.text)
    USART1_IRQHandler                        0x08005bd9   Thumb Code    58  usart.o(.text)
    CLR_Buf1                                 0x08005c13   Thumb Code    24  usart.o(.text)
    Usart2_Init                              0x08005d0f   Thumb Code    32  usart.o(.text)
    Usart2_Remap_Init                        0x08005d2f   Thumb Code    32  usart.o(.text)
    USART2TxChar                             0x08005d4f   Thumb Code    26  usart.o(.text)
    USART2TxData                             0x08005d69   Thumb Code    20  usart.o(.text)
    USART2TxData_hex                         0x08005d7d   Thumb Code    26  usart.o(.text)
    USART2TxStr                              0x08005d97   Thumb Code    20  usart.o(.text)
    UART5TxChar                              0x08005dab   Thumb Code    26  usart.o(.text)
    USART2_IRQHandler                        0x08005dc5   Thumb Code   182  usart.o(.text)
    CLR_Buf2                                 0x08005e7b   Thumb Code    24  usart.o(.text)
    Usart3_Init                              0x08005f79   Thumb Code    24  usart.o(.text)
    Usart3_Remap_Init                        0x08005f91   Thumb Code    32  usart.o(.text)
    USART3TxChar                             0x08005fb1   Thumb Code    26  usart.o(.text)
    USART3TxData                             0x08005fcb   Thumb Code    20  usart.o(.text)
    USART3TxData_hex                         0x08005fdf   Thumb Code    26  usart.o(.text)
    USART3TxStr                              0x08005ff9   Thumb Code    20  usart.o(.text)
    USART3_IRQHandler                        0x0800600d   Thumb Code    90  usart.o(.text)
    CLR_Buf3                                 0x08006067   Thumb Code    24  usart.o(.text)
    Uart5_Init                               0x08006121   Thumb Code    36  usart.o(.text)
    UART5TxData                              0x08006145   Thumb Code    20  usart.o(.text)
    UART5TxData_hex                          0x08006159   Thumb Code    26  usart.o(.text)
    UART5TxStr                               0x08006173   Thumb Code    20  usart.o(.text)
    UART5_IRQHandler                         0x08006187   Thumb Code    42  usart.o(.text)
    CLR_Buf5                                 0x080061b1   Thumb Code    24  usart.o(.text)
    delay_init                               0x080061f1   Thumb Code    46  delay.o(.text)
    delay_us                                 0x0800621f   Thumb Code    46  delay.o(.text)
    delay_ms                                 0x0800624d   Thumb Code    46  delay.o(.text)
    osPriqueueInit                           0x08006289   Thumb Code    42  los_priqueue.o(.text)
    osPriqueueEnqueue                        0x080062b3   Thumb Code    24  los_priqueue.o(.text)
    osPriqueueDequeue                        0x080062cb   Thumb Code    20  los_priqueue.o(.text)
    osPriqueueTop                            0x080062df   Thumb Code    42  los_priqueue.o(.text)
    osPriqueueSize                           0x08006309   Thumb Code    26  los_priqueue.o(.text)
    osPriqueueTotalSize                      0x08006323   Thumb Code    24  los_priqueue.o(.text)
    osSwTmrTask                              0x08006345   Thumb Code    56  los_swtmr.o(.text)
    osSwTmrTaskCreate                        0x0800637d   Thumb Code    46  los_swtmr.o(.text)
    osSwTmrInit                              0x080063ab   Thumb Code   118  los_swtmr.o(.text)
    osSwTmrStart                             0x08006421   Thumb Code   382  los_swtmr.o(.text)
    osSwtmrStop                              0x0800659f   Thumb Code    76  los_swtmr.o(.text)
    osSwtmrScan                              0x08006651   Thumb Code    26  los_swtmr.o(.text)
    osSwTmrGetNextTimeout                    0x0800666b   Thumb Code    46  los_swtmr.o(.text)
    osSwtimerInsert                          0x08006699   Thumb Code    62  los_swtmr.o(.text)
    osSwTmrAdjust                            0x080066d7   Thumb Code    72  los_swtmr.o(.text)
    osSwtmrTimeGet                           0x0800671f   Thumb Code    56  los_swtmr.o(.text)
    LOS_SwtmrCreate                          0x08006757   Thumb Code   160  los_swtmr.o(.text)
    LOS_SwtmrStart                           0x080067f7   Thumb Code   192  los_swtmr.o(.text)
    LOS_SwtmrStop                            0x080068b7   Thumb Code   106  los_swtmr.o(.text)
    LOS_SwtmrTimeGet                         0x08006921   Thumb Code   122  los_swtmr.o(.text)
    LOS_SwtmrDelete                          0x0800699b   Thumb Code   112  los_swtmr.o(.text)
    LOS_TickCountGet                         0x08006a31   Thumb Code     6  los_sys.o(.text)
    LOS_CyclePerTickGet                      0x08006a37   Thumb Code    14  los_sys.o(.text)
    LOS_MS2Tick                              0x08006a45   Thumb Code    28  los_sys.o(.text)
    LOS_Tick2MS                              0x08006a61   Thumb Code    18  los_sys.o(.text)
    osCpuTick2MS                             0x08006a73   Thumb Code    74  los_sys.o(.text)
    osCpuTick2US                             0x08006abd   Thumb Code    72  los_sys.o(.text)
    osTaskNextSwitchTimeGet                  0x08006b19   Thumb Code    60  los_task.o(.text)
    osIdleTask                               0x08006b55   Thumb Code     2  los_task.o(.text)
    osTaskPriModify                          0x08006b57   Thumb Code    52  los_task.o(.text)
    osTaskAdd2TimerList                      0x08006b8b   Thumb Code   136  los_task.o(.text)
    osTimerListDelete                        0x08006c13   Thumb Code    48  los_task.o(.text)
    osTaskScan                               0x08006c43   Thumb Code   182  los_task.o(.text)
    osConvertTskStatus                       0x08006cf9   Thumb Code    68  los_task.o(.text)
    osGetTaskWaterLine                       0x08006d3d   Thumb Code    88  los_task.o(.text)
    osGetAllTskInfo                          0x08006d95   Thumb Code   196  los_task.o(.text)
    osTaskInit                               0x08006e59   Thumb Code   390  los_task.o(.text)
    LOS_TaskCreateOnly                       0x08006fdf   Thumb Code   322  los_task.o(.text)
    LOS_TaskCreate                           0x08007121   Thumb Code   112  los_task.o(.text)
    osIdleTaskCreate                         0x08007191   Thumb Code    50  los_task.o(.text)
    LOS_CurTaskIDGet                         0x080071c3   Thumb Code    18  los_task.o(.text)
    LOS_NextTaskIDGet                        0x080071d5   Thumb Code    18  los_task.o(.text)
    LOS_CurTaskNameGet                       0x080071e7   Thumb Code    16  los_task.o(.text)
    osTaskSwitchCheck                        0x080071f7   Thumb Code   178  los_task.o(.text)
    osTaskMonInit                            0x080072a9   Thumb Code    34  los_task.o(.text)
    LOS_TaskDelete                           0x080072cb   Thumb Code   522  los_task.o(.text)
    osTaskEntry                              0x080074d5   Thumb Code    38  los_task.o(.text)
    LOS_TaskResume                           0x080074fb   Thumb Code   134  los_task.o(.text)
    LOS_TaskSuspend                          0x08007581   Thumb Code   170  los_task.o(.text)
    LOS_TaskYield                            0x0800762b   Thumb Code   106  los_task.o(.text)
    LOS_TaskDelay                            0x08007695   Thumb Code    98  los_task.o(.text)
    LOS_TaskPriGet                           0x080076f7   Thumb Code    62  los_task.o(.text)
    LOS_TaskPriSet                           0x08007735   Thumb Code   150  los_task.o(.text)
    LOS_CurTaskPriSet                        0x080077cb   Thumb Code    12  los_task.o(.text)
    osTaskWait                               0x080077d7   Thumb Code    70  los_task.o(.text)
    osTaskWake                               0x0800781d   Thumb Code    66  los_task.o(.text)
    LOS_TaskLock                             0x0800785f   Thumb Code    24  los_task.o(.text)
    LOS_TaskUnlock                           0x08007877   Thumb Code    58  los_task.o(.text)
    LOS_TaskInfoGet                          0x080078b1   Thumb Code   222  los_task.o(.text)
    LOS_TaskStatusGet                        0x0800798f   Thumb Code    70  los_task.o(.text)
    LOS_TaskSwitchInfoGet                    0x080079d5   Thumb Code    60  los_task.o(.text)
    LOS_TaskInfoMonitor                      0x08007a11   Thumb Code     4  los_task.o(.text)
    LOS_TaskIsRunning                        0x08007a15   Thumb Code     6  los_task.o(.text)
    LOS_NewTaskIDGet                         0x08007a1b   Thumb Code    18  los_task.o(.text)
    LOS_TaskNameGet                          0x08007a2d   Thumb Code    54  los_task.o(.text)
    osTickHandler                            0x08007aa5   Thumb Code    30  los_tick.o(.text)
    LOS_SysClockGet                          0x08007ac3   Thumb Code     6  los_tick.o(.text)
    osQueueInit                              0x08007acd   Thumb Code    78  los_queue.o(.text)
    LOS_QueueCreate                          0x08007b1b   Thumb Code   188  los_queue.o(.text)
    osQueueOperate                           0x08007cd7   Thumb Code   336  los_queue.o(.text)
    LOS_QueueReadCopy                        0x08007e27   Thumb Code    42  los_queue.o(.text)
    LOS_QueueWriteHeadCopy                   0x08007e51   Thumb Code    44  los_queue.o(.text)
    LOS_QueueWriteCopy                       0x08007e7d   Thumb Code    42  los_queue.o(.text)
    LOS_QueueRead                            0x08007ea7   Thumb Code    74  los_queue.o(.text)
    LOS_QueueWrite                           0x08007ef1   Thumb Code    22  los_queue.o(.text)
    LOS_QueueWriteHead                       0x08007f07   Thumb Code    22  los_queue.o(.text)
    osQueueMailAlloc                         0x08007f1d   Thumb Code   146  los_queue.o(.text)
    osQueueMailFree                          0x08007faf   Thumb Code   142  los_queue.o(.text)
    LOS_QueueDelete                          0x0800803d   Thumb Code   158  los_queue.o(.text)
    LOS_QueueInfoGet                         0x080080db   Thumb Code   200  los_queue.o(.text)
    osSemInit                                0x080081d1   Thumb Code    72  los_sem.o(.text)
    osSemCreate                              0x08008219   Thumb Code   134  los_sem.o(.text)
    LOS_SemCreate                            0x0800829f   Thumb Code     8  los_sem.o(.text)
    LOS_BinarySemCreate                      0x080082a7   Thumb Code     6  los_sem.o(.text)
    LOS_SemDelete                            0x080082ad   Thumb Code   120  los_sem.o(.text)
    LOS_SemPend                              0x08008325   Thumb Code   240  los_sem.o(.text)
    LOS_SemPost                              0x08008415   Thumb Code   152  los_sem.o(.text)
    osHeapPrvGetNext                         0x08008545   Thumb Code    22  los_heap.o(.text)
    osHeapInit                               0x0800855b   Thumb Code    62  los_heap.o(.text)
    osHeapStatisticsGet                      0x08008599   Thumb Code    76  los_heap.o(.text)
    osAlarmHeapInfo                          0x080085e5   Thumb Code    26  los_heap.o(.text)
    osHeapAlloc                              0x080085ff   Thumb Code   238  los_heap.o(.text)
    osHeapFree                               0x080086ed   Thumb Code   218  los_heap.o(.text)
    osHeapGetHeapMemoryPeak                  0x080087c7   Thumb Code     6  los_heap.o(.text)
    osHeapGetMaxFreeBlkSize                  0x080087cd   Thumb Code    40  los_heap.o(.text)
    LOS_Align                                0x08008845   Thumb Code    20  los_misc.o(.text)
    LOS_Msleep                               0x08008859   Thumb Code    40  los_misc.o(.text)
    LOS_ErrHandle                            0x08008881   Thumb Code    34  los_err.o(.text)
    osEnableFPU                              0x080088ad   Thumb Code    12  los_init.o(.text)
    LOS_Reboot                               0x080088b9   Thumb Code     6  los_init.o(.text)
    LOS_Start                                0x080088c7   Thumb Code    34  los_init.o(.text)
    LOS_KernelInit                           0x080088e9   Thumb Code   132  los_init.o(.text)
    LOS_MemboxInit                           0x080089f1   Thumb Code    44  los_membox.o(.text)
    LOS_MemboxAlloc                          0x08008a1d   Thumb Code    64  los_membox.o(.text)
    LOS_MemboxFree                           0x08008a5d   Thumb Code    36  los_membox.o(.text)
    LOS_MemboxClr                            0x08008a81   Thumb Code    10  los_membox.o(.text)
    LOS_MemboxStatisticsGet                  0x08008a8b   Thumb Code    32  los_membox.o(.text)
    osSlabCtrlHdrGet                         0x08008ad5   Thumb Code     4  los_memory.o(.text)
    LOS_MemInit                              0x08008ad9   Thumb Code   164  los_memory.o(.text)
    osMemSystemInit                          0x08008b7d   Thumb Code     8  los_memory.o(.text)
    LOS_MemDeInit                            0x08008b85   Thumb Code    66  los_memory.o(.text)
    LOS_MemPoolList                          0x08008bc7   Thumb Code    28  los_memory.o(.text)
    LOS_MemAlloc                             0x08008be3   Thumb Code    16  los_memory.o(.text)
    LOS_MemAllocAlign                        0x08008bf3   Thumb Code    64  los_memory.o(.text)
    LOS_MemFree                              0x08008c33   Thumb Code    42  los_memory.o(.text)
    LOS_MemRealloc                           0x08008c5d   Thumb Code   112  los_memory.o(.text)
    LOS_MemStatisticsGet                     0x08008ccd   Thumb Code    44  los_memory.o(.text)
    LOS_MemGetMaxFreeBlkSize                 0x08008cf9   Thumb Code    16  los_memory.o(.text)
    LOS_StartToRun                           0x08008d4d   Thumb Code     0  los_dispatch_keil.o(.text)
    LOS_IntLock                              0x08008d91   Thumb Code     0  los_dispatch_keil.o(.text)
    LOS_IntUnLock                            0x08008d99   Thumb Code     0  los_dispatch_keil.o(.text)
    LOS_IntRestore                           0x08008da1   Thumb Code     0  los_dispatch_keil.o(.text)
    osTaskSchedule                           0x08008da7   Thumb Code     0  los_dispatch_keil.o(.text)
    osPendSV                                 0x08008db1   Thumb Code     0  los_dispatch_keil.o(.text)
    osSchedule                               0x08008e1d   Thumb Code     4  los_hw.o(.text)
    LOS_Schedule                             0x08008e21   Thumb Code    54  los_hw.o(.text)
    osTaskExit                               0x08008e57   Thumb Code     4  los_hw.o(.text)
    osTskStackInit                           0x08008e5b   Thumb Code   124  los_hw.o(.text)
    osEnterSleep                             0x08008ed7   Thumb Code    12  los_hw.o(.text)
    osTickStart                              0x08008ef1   Thumb Code    90  los_hw_tick.o(.text)
    LOS_SysTickCurrCycleGet                  0x08008f4b   Thumb Code    38  los_hw_tick.o(.text)
    LOS_GetCpuCycle                          0x08008f71   Thumb Code    82  los_hw_tick.o(.text)
    LOS_GetSystickCycle                      0x08008fc3   Thumb Code    78  los_hw_tick.o(.text)
    osIntNumGet                              0x08009025   Thumb Code     6  los_hwi.o(.text)
    PendSV_Handler                           0x0800902b   Thumb Code     4  los_hwi.o(.text)
    SysTick_Handler                          0x0800902f   Thumb Code     4  los_hwi.o(.text)
    __aeabi_uldivmod                         0x08009033   Thumb Code    98  uldiv.o(.text)
    rand                                     0x08009095   Thumb Code    20  rand.o(.text)
    srand                                    0x080090a9   Thumb Code     6  rand.o(.text)
    __aeabi_memcpy                           0x080090b9   Thumb Code    36  memcpya.o(.text)
    __aeabi_memcpy4                          0x080090b9   Thumb Code     0  memcpya.o(.text)
    __aeabi_memcpy8                          0x080090b9   Thumb Code     0  memcpya.o(.text)
    __aeabi_memset                           0x080090dd   Thumb Code    14  memseta.o(.text)
    __aeabi_memset4                          0x080090dd   Thumb Code     0  memseta.o(.text)
    __aeabi_memset8                          0x080090dd   Thumb Code     0  memseta.o(.text)
    __aeabi_memclr                           0x080090eb   Thumb Code     4  memseta.o(.text)
    __aeabi_memclr4                          0x080090eb   Thumb Code     0  memseta.o(.text)
    __aeabi_memclr8                          0x080090eb   Thumb Code     0  memseta.o(.text)
    _memset$wrapper                          0x080090ef   Thumb Code    18  memseta.o(.text)
    strcat                                   0x08009101   Thumb Code    24  strcat.o(.text)
    strncpy                                  0x08009119   Thumb Code    24  strncpy.o(.text)
    strlen                                   0x08009131   Thumb Code    14  strlen.o(.text)
    strcpy                                   0x0800913f   Thumb Code    18  strcpy.o(.text)
    strtol                                   0x08009151   Thumb Code   112  strtol.o(.text)
    __aeabi_ddiv                             0x080091c1   Thumb Code   222  ddiv.o(.text)
    __aeabi_ui2d                             0x0800929f   Thumb Code    26  dfltui.o(.text)
    __aeabi_ul2d                             0x080092b9   Thumb Code    24  dfltul.o(.text)
    __aeabi_d2ulz                            0x080092d1   Thumb Code    48  dfixul.o(.text)
    __aeabi_f2d                              0x08009301   Thumb Code    38  f2d.o(.text)
    __aeabi_cdrcmple                         0x08009329   Thumb Code    48  cdrcmple.o(.text)
    __aeabi_d2f                              0x08009359   Thumb Code    56  d2f.o(.text)
    __aeabi_uidiv                            0x08009391   Thumb Code     0  uidiv.o(.text)
    __aeabi_uidivmod                         0x08009391   Thumb Code    44  uidiv.o(.text)
    __aeabi_llsl                             0x080093bd   Thumb Code    30  llshl.o(.text)
    _ll_shift_l                              0x080093bd   Thumb Code     0  llshl.o(.text)
    __aeabi_llsr                             0x080093db   Thumb Code    32  llushr.o(.text)
    _ll_ushift_r                             0x080093db   Thumb Code     0  llushr.o(.text)
    __rt_ctype_table                         0x080093fd   Thumb Code     4  ctype_o.o(.text)
    isspace                                  0x08009405   Thumb Code    18  isspace_o.o(.text)
    _strtoul                                 0x08009417   Thumb Code   158  _strtoul.o(.text)
    __strtod_int                             0x080094eb   Thumb Code    90  strtod.o(.text)
    __I$use$fp                               0x08009551   Thumb Code     0  iusefp.o(.text)
    _float_round                             0x08009551   Thumb Code    18  fepilogue.o(.text)
    _float_epilogue                          0x08009563   Thumb Code    92  fepilogue.o(.text)
    _double_round                            0x080095bf   Thumb Code    30  depilogue.o(.text)
    _double_epilogue                         0x080095dd   Thumb Code   156  depilogue.o(.text)
    __aeabi_dadd                             0x08009679   Thumb Code   322  dadd.o(.text)
    __aeabi_dsub                             0x080097bb   Thumb Code     6  dadd.o(.text)
    __aeabi_drsub                            0x080097c1   Thumb Code     6  dadd.o(.text)
    __aeabi_dmul                             0x080097c7   Thumb Code   228  dmul.o(.text)
    __scatterload                            0x080098ad   Thumb Code    28  init.o(.text)
    __scatterload_rt2                        0x080098ad   Thumb Code     0  init.o(.text)
    __aeabi_lasr                             0x080098d1   Thumb Code    36  llsshr.o(.text)
    _ll_sshift_r                             0x080098d1   Thumb Code     0  llsshr.o(.text)
    _chval                                   0x080098f5   Thumb Code    28  _chval.o(.text)
    _scanf_real                              0x08009a39   Thumb Code     0  scanf_fp.o(.text)
    _scanf_really_real                       0x08009a39   Thumb Code   556  scanf_fp.o(.text)
    _sgetc                                   0x08009c71   Thumb Code    30  _sgetc.o(.text)
    _sbackspace                              0x08009c8f   Thumb Code    34  _sgetc.o(.text)
    __decompress                             0x08009cb1   Thumb Code     0  __dczerorl2.o(.text)
    __decompress1                            0x08009cb1   Thumb Code    86  __dczerorl2.o(.text)
    __0printf                                0x08009d09   Thumb Code    22  printfa.o(i.__0printf)
    __1printf                                0x08009d09   Thumb Code     0  printfa.o(i.__0printf)
    __2printf                                0x08009d09   Thumb Code     0  printfa.o(i.__0printf)
    __c89printf                              0x08009d09   Thumb Code     0  printfa.o(i.__0printf)
    printf                                   0x08009d09   Thumb Code     0  printfa.o(i.__0printf)
    __0sprintf                               0x08009d29   Thumb Code    34  printfa.o(i.__0sprintf)
    __1sprintf                               0x08009d29   Thumb Code     0  printfa.o(i.__0sprintf)
    __2sprintf                               0x08009d29   Thumb Code     0  printfa.o(i.__0sprintf)
    __c89sprintf                             0x08009d29   Thumb Code     0  printfa.o(i.__0sprintf)
    sprintf                                  0x08009d29   Thumb Code     0  printfa.o(i.__0sprintf)
    __aeabi_errno_addr                       0x08009d51   Thumb Code     4  errno.o(i.__aeabi_errno_addr)
    __rt_errno_addr                          0x08009d51   Thumb Code     0  errno.o(i.__aeabi_errno_addr)
    __read_errno                             0x08009d59   Thumb Code     6  errno.o(i.__read_errno)
    __scatterload_copy                       0x08009d65   Thumb Code    14  handlers.o(i.__scatterload_copy)
    __scatterload_null                       0x08009d73   Thumb Code     2  handlers.o(i.__scatterload_null)
    __scatterload_zeroinit                   0x08009d75   Thumb Code    14  handlers.o(i.__scatterload_zeroinit)
    __set_errno                              0x08009d85   Thumb Code     6  errno.o(i.__set_errno)
    _is_digit                                0x08009f15   Thumb Code    14  scanf_fp.o(i._is_digit)
    atof                                     0x0800a635   Thumb Code    42  atof.o(i.atof)
    asc2_1608                                0x0800a65e   Data        1520  lcd.o(.constdata)
    codeGB_16x16                             0x0800ac4e   Data        3604  lcd.o(.constdata)
    __ctype_table                            0x0800ba62   Data         129  ctype_o.o(.constdata)
    Region$$Table$$Base                      0x0800bc7c   Number         0  anon$$obj.o(Region$$Table)
    Region$$Table$$Limit                     0x0800bc9c   Number         0  anon$$obj.o(Region$$Table)
    SystemCoreClock                          0x20000000   Data           4  system_stm32f10x.o(.data)
    AHBPrescTable                            0x20000004   Data          16  system_stm32f10x.o(.data)
    keyTemp                                  0x20000029   Data           1  main.o(.data)
    lockCount                                0x2000002c   Data           4  main.o(.data)
    mainMenuCount                            0x20000030   Data           4  main.o(.data)
    devicePointer                            0x20000034   Data           4  main.o(.data)
    weishuPointer                            0x20000038   Data           4  main.o(.data)
    TX_ADDRESS_INDEX                         0x2000003c   Data           4  main.o(.data)
    TX_ADDRESS_LIST_LEN                      0x20000040   Data           4  main.o(.data)
    maxTemp                                  0x20000044   Data           4  main.o(.data)
    maxHum                                   0x20000048   Data           4  main.o(.data)
    Collect_Task_Handle                      0x20000054   Data           4  main.o(.data)
    Show_Task_Handle                         0x20000058   Data           4  main.o(.data)
    BinarySem_Handle                         0x2000005c   Data           4  main.o(.data)
    MASTER_ADDRESS                           0x2000006c   Data           5  main.o(.data)
    RX_ADDRESS                               0x20000071   Data           5  main.o(.data)
    TX_ADDRESS                               0x20000076   Data           5  main.o(.data)
    DEVICE_TYPE                              0x2000007b   Data           6  main.o(.data)
    Hum_value_str                            0x20000081   Data           6  main.o(.data)
    Temp_value_str                           0x20000087   Data           7  main.o(.data)
    BACK_COLOR                               0x20000090   Data           4  lcd.o(.data)
    POINT_COLOR                              0x20000094   Data           4  lcd.o(.data)
    SN                                       0x20000098   Data           4  rc522.o(.data)
    KEY                                      0x2000009c   Data          84  rc522.o(.data)
    Count_timer_100ms_x_Send_Interval_after_collect 0x200000f0   Data           1  timer.o(.data)
    Count_Send_Time_Interval                 0x200000f1   Data           1  timer.o(.data)
    count_time                               0x200000f2   Data           1  timer.o(.data)
    Count_time_wait_ok                       0x200000f3   Data           1  timer.o(.data)
    is_send_breath                           0x200000f4   Data           1  timer.o(.data)
    Flag_allow_dsplay_time                   0x200000f5   Data           1  timer.o(.data)
    Count_timer                              0x200000f8   Data           4  timer.o(.data)
    Count_timer_100ms_x_Collect_Interval     0x200000fc   Data           4  timer.o(.data)
    Flag_Need_Init_Nbiot                     0x20000100   Data           1  tools.o(.data)
    Flag_device_error                        0x20000101   Data           1  tools.o(.data)
    Count_Timer3_value_USART1_receive_timeout 0x20000104   Data           1  usart.o(.data)
    Count_Timer3_value_USART2_receive_timeout 0x20000105   Data           1  usart.o(.data)
    Count_Timer3_value_USART3_receive_timeout 0x20000106   Data           1  usart.o(.data)
    Flag_usart2_receive_T                    0x20000107   Data           1  usart.o(.data)
    Flag_Usart1_Receive                      0x20000108   Data           1  usart.o(.data)
    Flag_Usart2_Receive                      0x20000109   Data           1  usart.o(.data)
    Flag_Usart3_Receive                      0x2000010a   Data           1  usart.o(.data)
    USART1_RX_STA                            0x2000010c   Data           2  usart.o(.data)
    USART2_RX_STA                            0x2000010e   Data           2  usart.o(.data)
    USART3_RX_STA                            0x20000110   Data           2  usart.o(.data)
    UART5_RX_STA                             0x20000112   Data           2  usart.o(.data)
    open_flag                                0x20000114   Data           4  usart.o(.data)
    Flag_usart1_receive_OK                   0x20000118   Data           1  usart.o(.data)
    __stdout                                 0x2000011c   Data           4  usart.o(.data)
    g_pstLosPriorityQueueList                0x20000124   Data           4  los_priqueue.o(.data)
    m_uwSwTmrHandlerQueue                    0x20000134   Data           4  los_swtmr.o(.data)
    m_pstSwtmrCBArray                        0x20000138   Data           4  los_swtmr.o(.data)
    m_pstSwtmrFreeList                       0x2000013c   Data           4  los_swtmr.o(.data)
    m_pstSwtmrSortList                       0x20000140   Data           4  los_swtmr.o(.data)
    g_usLosTaskLock                          0x20000144   Data           2  los_task.o(.data)
    g_pfnTskSwitchHook                       0x20000148   Data           4  los_task.o(.data)
    g_pfnUsrTskSwitchHook                    0x2000014c   Data           4  los_task.o(.data)
    g_pstTaskCBArray                         0x20000150   Data           4  los_task.o(.data)
    g_uwTskMaxNum                            0x20000154   Data           4  los_task.o(.data)
    g_uwIdleTaskID                           0x20000158   Data           4  los_task.o(.data)
    g_uwSwtmrTaskID                          0x2000015c   Data           4  los_task.o(.data)
    g_bTaskScheduled                         0x20000160   Data           4  los_task.o(.data)
    g_stLosTask                              0x20000164   Data           8  los_task.o(.data)
    g_stTaskTimerList                        0x2000016c   Data           8  los_task.o(.data)
    g_stLosFreeTask                          0x20000174   Data           8  los_task.o(.data)
    g_stTskRecyleList                        0x2000017c   Data           8  los_task.o(.data)
    g_stTskSortLink                          0x20000184   Data           8  los_task.o(.data)
    g_uwSysClock                             0x20000190   Data           4  los_tick.o(.data)
    g_ullTickCount                           0x20000198   Data           8  los_tick.o(.data)
    g_uwCyclesPerTick                        0x200001a0   Data           4  los_tick.o(.data)
    g_pstAllQueue                            0x200001a4   Data           4  los_queue.o(.data)
    g_stFreeQueueList                        0x200001a8   Data           8  los_queue.o(.data)
    g_pstAllSem                              0x200001b0   Data           4  los_sem.o(.data)
    g_stUnusedSemList                        0x200001b4   Data           8  los_sem.o(.data)
    g_stUserErrFunc                          0x200001cc   Data           4  los_err.o(.data)
    m_aucSysMem0                             0x200001d0   Data           4  los_init.o(.data)
    g_pPoolHead                              0x200001d4   Data           4  los_memory.o(.data)
    MASTER_ADDRESS_STRING                    0x200001e0   Data          11  main.o(.bss)
    TX_ADDRESS_LIST                          0x200001eb   Data         200  main.o(.bss)
    RX_ADDRESS_STRING                        0x200002b3   Data          11  main.o(.bss)
    Send_data_buf                            0x200002be   Data         150  main.o(.bss)
    NB_Send_buf                              0x20000354   Data         355  main.o(.bss)
    maxValue                                 0x200004b7   Data          48  main.o(.bss)
    UART5_RX_BUF                             0x200004e7   Data         500  usart.o(.bss)
    USART1_RX_BUF                            0x200006db   Data         500  usart.o(.bss)
    USART2_RX_BUF                            0x200008cf   Data         500  usart.o(.bss)
    USART3_RX_BUF                            0x20000ac3   Data         500  usart.o(.bss)
    m_uwSwTmrAlignID                         0x20000cb8   Data          64  los_swtmr.o(.bss)
    g_astTskSwitchInfo                       0x20000cf8   Data         342  los_task.o(.bss)
    Image$$RW_IRAM1$$ZI$$Limit               0x20001250   Number         0  anon$$obj.o ABSOLUTE
    __initial_sp                             0x20001250   Data           0  startup_stm32f10x_hd.o(STACK)



==============================================================================

Memory Map of the image

  Image Entry point : 0x08000131

  Load Region LR_IROM1 (Base: 0x08000000, Size: 0x0000be7c, Max: 0x00080000, ABSOLUTE, COMPRESSED[0x0000bd1c])

    Execution Region ER_IROM1 (Exec base: 0x08000000, Load base: 0x08000000, Size: 0x0000bc9c, Max: 0x00080000, ABSOLUTE)

    Exec Addr    Load Addr    Size         Type   Attr      Idx    E Section Name        Object

    0x08000000   0x08000000   0x00000130   Data   RO            3    RESET               startup_stm32f10x_hd.o
    0x08000130   0x08000130   0x00000000   Code   RO         2239  * .ARM.Collect$$$$00000000  mc_w.l(entry.o)
    0x08000130   0x08000130   0x00000004   Code   RO         2538    .ARM.Collect$$$$00000001  mc_w.l(entry2.o)
    0x08000134   0x08000134   0x00000004   Code   RO         2541    .ARM.Collect$$$$00000004  mc_w.l(entry5.o)
    0x08000138   0x08000138   0x00000000   Code   RO         2543    .ARM.Collect$$$$00000008  mc_w.l(entry7b.o)
    0x08000138   0x08000138   0x00000000   Code   RO         2545    .ARM.Collect$$$$0000000A  mc_w.l(entry8b.o)
    0x08000138   0x08000138   0x00000008   Code   RO         2546    .ARM.Collect$$$$0000000B  mc_w.l(entry9a.o)
    0x08000140   0x08000140   0x00000004   Code   RO         2553    .ARM.Collect$$$$0000000E  mc_w.l(entry12b.o)
    0x08000144   0x08000144   0x00000000   Code   RO         2548    .ARM.Collect$$$$0000000F  mc_w.l(entry10a.o)
    0x08000144   0x08000144   0x00000000   Code   RO         2550    .ARM.Collect$$$$00000011  mc_w.l(entry11a.o)
    0x08000144   0x08000144   0x00000004   Code   RO         2539    .ARM.Collect$$$$00002712  mc_w.l(entry2.o)
    0x08000148   0x08000148   0x00000024   Code   RO            4    .text               startup_stm32f10x_hd.o
    0x0800016c   0x0800016c   0x00000174   Code   RO           27    .text               system_stm32f10x.o
    0x080002e0   0x080002e0   0x000000b8   Code   RO          142    .text               misc.o
    0x08000398   0x08000398   0x00000298   Code   RO          434    .text               stm32f10x_gpio.o
    0x08000630   0x08000630   0x000002f4   Code   RO          530    .text               stm32f10x_rcc.o
    0x08000924   0x08000924   0x00000114   Code   RO          556    .text               stm32f10x_rtc.o
    0x08000a38   0x08000a38   0x000002b4   Code   RO          604    .text               stm32f10x_spi.o
    0x08000cec   0x08000cec   0x00000c2a   Code   RO          628    .text               stm32f10x_tim.o
    0x08001916   0x08001916   0x00000002   PAD
    0x08001918   0x08001918   0x0000039c   Code   RO          652    .text               stm32f10x_usart.o
    0x08001cb4   0x08001cb4   0x00001818   Code   RO          700    .text               main.o
    0x080034cc   0x080034cc   0x00000314   Code   RO          962    .text               24l01.o
    0x080037e0   0x080037e0   0x00000964   Code   RO         1016    .text               gpio.o
    0x08004144   0x08004144   0x00000118   Code   RO         1040    .text               key.o
    0x0800425c   0x0800425c   0x00000658   Code   RO         1072    .text               lcd.o
    0x080048b4   0x080048b4   0x00000ac4   Code   RO         1117    .text               rc522.o
    0x08005378   0x08005378   0x000000f0   Code   RO         1146    .text               spi.o
    0x08005468   0x08005468   0x00000008   Code   RO         1170    .text               sys.o
    0x08005470   0x08005470   0x0000010c   Code   RO         1194    .text               timer.o
    0x0800557c   0x0800557c   0x000004b0   Code   RO         1230    .text               tools.o
    0x08005a2c   0x08005a2c   0x000007c4   Code   RO         1268    .text               usart.o
    0x080061f0   0x080061f0   0x00000098   Code   RO         1320    .text               delay.o
    0x08006288   0x08006288   0x000000bc   Code   RO         1526    .text               los_priqueue.o
    0x08006344   0x08006344   0x000006ec   Code   RO         1573    .text               los_swtmr.o
    0x08006a30   0x08006a30   0x000000e8   Code   RO         1610    .text               los_sys.o
    0x08006b18   0x08006b18   0x00000f8c   Code   RO         1637    .text               los_task.o
    0x08007aa4   0x08007aa4   0x00000028   Code   RO         1686    .text               los_tick.o
    0x08007acc   0x08007acc   0x00000704   Code   RO         1817    .text               los_queue.o
    0x080081d0   0x080081d0   0x00000374   Code   RO         1847    .text               los_sem.o
    0x08008544   0x08008544   0x00000300   Code   RO         1880    .text               los_heap.o
    0x08008844   0x08008844   0x0000003c   Code   RO         1934    .text               los_misc.o
    0x08008880   0x08008880   0x0000002c   Code   RO         1958    .text               los_err.o
    0x080088ac   0x080088ac   0x00000144   Code   RO         1991    .text               los_init.o
    0x080089f0   0x080089f0   0x000000e4   Code   RO         2022    .text               los_membox.o
    0x08008ad4   0x08008ad4   0x00000278   Code   RO         2046    .text               los_memory.o
    0x08008d4c   0x08008d4c   0x000000d0   Code   RO         2153    .text               los_dispatch_keil.o
    0x08008e1c   0x08008e1c   0x000000d4   Code   RO         2159    .text               los_hw.o
    0x08008ef0   0x08008ef0   0x00000134   Code   RO         2183    .text               los_hw_tick.o
    0x08009024   0x08009024   0x0000000e   Code   RO         2211    .text               los_hwi.o
    0x08009032   0x08009032   0x00000062   Code   RO         2242    .text               mc_w.l(uldiv.o)
    0x08009094   0x08009094   0x00000024   Code   RO         2244    .text               mc_w.l(rand.o)
    0x080090b8   0x080090b8   0x00000024   Code   RO         2247    .text               mc_w.l(memcpya.o)
    0x080090dc   0x080090dc   0x00000024   Code   RO         2249    .text               mc_w.l(memseta.o)
    0x08009100   0x08009100   0x00000018   Code   RO         2251    .text               mc_w.l(strcat.o)
    0x08009118   0x08009118   0x00000018   Code   RO         2253    .text               mc_w.l(strncpy.o)
    0x08009130   0x08009130   0x0000000e   Code   RO         2255    .text               mc_w.l(strlen.o)
    0x0800913e   0x0800913e   0x00000012   Code   RO         2257    .text               mc_w.l(strcpy.o)
    0x08009150   0x08009150   0x00000070   Code   RO         2522    .text               mc_w.l(strtol.o)
    0x080091c0   0x080091c0   0x000000de   Code   RO         2524    .text               mf_w.l(ddiv.o)
    0x0800929e   0x0800929e   0x0000001a   Code   RO         2526    .text               mf_w.l(dfltui.o)
    0x080092b8   0x080092b8   0x00000018   Code   RO         2528    .text               mf_w.l(dfltul.o)
    0x080092d0   0x080092d0   0x00000030   Code   RO         2530    .text               mf_w.l(dfixul.o)
    0x08009300   0x08009300   0x00000026   Code   RO         2532    .text               mf_w.l(f2d.o)
    0x08009326   0x08009326   0x00000002   PAD
    0x08009328   0x08009328   0x00000030   Code   RO         2534    .text               mf_w.l(cdrcmple.o)
    0x08009358   0x08009358   0x00000038   Code   RO         2536    .text               mf_w.l(d2f.o)
    0x08009390   0x08009390   0x0000002c   Code   RO         2554    .text               mc_w.l(uidiv.o)
    0x080093bc   0x080093bc   0x0000001e   Code   RO         2556    .text               mc_w.l(llshl.o)
    0x080093da   0x080093da   0x00000020   Code   RO         2558    .text               mc_w.l(llushr.o)
    0x080093fa   0x080093fa   0x00000002   PAD
    0x080093fc   0x080093fc   0x00000008   Code   RO         2560    .text               mc_w.l(ctype_o.o)
    0x08009404   0x08009404   0x00000012   Code   RO         2582    .text               mc_w.l(isspace_o.o)
    0x08009416   0x08009416   0x0000009e   Code   RO         2595    .text               mc_w.l(_strtoul.o)
    0x080094b4   0x080094b4   0x0000009c   Code   RO         2597    .text               mc_w.l(strtod.o)
    0x08009550   0x08009550   0x00000000   Code   RO         2599    .text               mc_w.l(iusefp.o)
    0x08009550   0x08009550   0x0000006e   Code   RO         2600    .text               mf_w.l(fepilogue.o)
    0x080095be   0x080095be   0x000000ba   Code   RO         2602    .text               mf_w.l(depilogue.o)
    0x08009678   0x08009678   0x0000014e   Code   RO         2604    .text               mf_w.l(dadd.o)
    0x080097c6   0x080097c6   0x000000e4   Code   RO         2606    .text               mf_w.l(dmul.o)
    0x080098aa   0x080098aa   0x00000002   PAD
    0x080098ac   0x080098ac   0x00000024   Code   RO         2608    .text               mc_w.l(init.o)
    0x080098d0   0x080098d0   0x00000024   Code   RO         2610    .text               mc_w.l(llsshr.o)
    0x080098f4   0x080098f4   0x0000001c   Code   RO         2614    .text               mc_w.l(_chval.o)
    0x08009910   0x08009910   0x00000360   Code   RO         2616    .text               mc_w.l(scanf_fp.o)
    0x08009c70   0x08009c70   0x00000040   Code   RO         2620    .text               mc_w.l(_sgetc.o)
    0x08009cb0   0x08009cb0   0x00000056   Code   RO         2633    .text               mc_w.l(__dczerorl2.o)
    0x08009d06   0x08009d06   0x00000002   PAD
    0x08009d08   0x08009d08   0x00000020   Code   RO         2494    i.__0printf         mc_w.l(printfa.o)
    0x08009d28   0x08009d28   0x00000028   Code   RO         2496    i.__0sprintf        mc_w.l(printfa.o)
    0x08009d50   0x08009d50   0x00000008   Code   RO         2588    i.__aeabi_errno_addr  mc_w.l(errno.o)
    0x08009d58   0x08009d58   0x0000000c   Code   RO         2589    i.__read_errno      mc_w.l(errno.o)
    0x08009d64   0x08009d64   0x0000000e   Code   RO         2627    i.__scatterload_copy  mc_w.l(handlers.o)
    0x08009d72   0x08009d72   0x00000002   Code   RO         2628    i.__scatterload_null  mc_w.l(handlers.o)
    0x08009d74   0x08009d74   0x0000000e   Code   RO         2629    i.__scatterload_zeroinit  mc_w.l(handlers.o)
    0x08009d82   0x08009d82   0x00000002   PAD
    0x08009d84   0x08009d84   0x0000000c   Code   RO         2590    i.__set_errno       mc_w.l(errno.o)
    0x08009d90   0x08009d90   0x00000184   Code   RO         2501    i._fp_digits        mc_w.l(printfa.o)
    0x08009f14   0x08009f14   0x0000000e   Code   RO         2618    i._is_digit         mc_w.l(scanf_fp.o)
    0x08009f22   0x08009f22   0x00000002   PAD
    0x08009f24   0x08009f24   0x000006b4   Code   RO         2502    i._printf_core      mc_w.l(printfa.o)
    0x0800a5d8   0x0800a5d8   0x00000024   Code   RO         2503    i._printf_post_padding  mc_w.l(printfa.o)
    0x0800a5fc   0x0800a5fc   0x0000002e   Code   RO         2504    i._printf_pre_padding  mc_w.l(printfa.o)
    0x0800a62a   0x0800a62a   0x0000000a   Code   RO         2506    i._sputc            mc_w.l(printfa.o)
    0x0800a634   0x0800a634   0x0000002a   Code   RO         2236    i.atof              m_ws.l(atof.o)
    0x0800a65e   0x0800a65e   0x00001404   Data   RO         1073    .constdata          lcd.o
    0x0800ba62   0x0800ba62   0x00000081   Data   RO         2561    .constdata          mc_w.l(ctype_o.o)
    0x0800bae3   0x0800bae3   0x00000001   PAD
    0x0800bae4   0x0800bae4   0x00000004   Data   RO         2562    .constdata          mc_w.l(ctype_o.o)
    0x0800bae8   0x0800bae8   0x00000043   Data   RO         1195    .conststring        timer.o
    0x0800bb2b   0x0800bb2b   0x00000001   PAD
    0x0800bb2c   0x0800bb2c   0x00000150   Data   RO         1639    .conststring        los_task.o
    0x0800bc7c   0x0800bc7c   0x00000020   Data   RO         2625    Region$$Table       anon$$obj.o


    Execution Region RW_IRAM1 (Exec base: 0x20000000, Load base: 0x0800bc9c, Size: 0x00001250, Max: 0x00010000, ABSOLUTE, COMPRESSED[0x00000080])

    Exec Addr    Load Addr    Size         Type   Attr      Idx    E Section Name        Object

    0x20000000   COMPRESSED   0x00000014   Data   RW           28    .data               system_stm32f10x.o
    0x20000014   COMPRESSED   0x00000014   Data   RW          531    .data               stm32f10x_rcc.o
    0x20000028   COMPRESSED   0x00000066   Data   RW          707    .data               main.o
    0x2000008e   COMPRESSED   0x00000001   Data   RW         1041    .data               key.o
    0x2000008f   COMPRESSED   0x00000001   PAD
    0x20000090   COMPRESSED   0x00000008   Data   RW         1079    .data               lcd.o
    0x20000098   COMPRESSED   0x00000058   Data   RW         1118    .data               rc522.o
    0x200000f0   COMPRESSED   0x00000010   Data   RW         1196    .data               timer.o
    0x20000100   COMPRESSED   0x00000001   Data   RW         1231    .data               tools.o
    0x20000101   COMPRESSED   0x00000001   Data   RW         1232    .data               tools.o
    0x20000102   COMPRESSED   0x00000002   PAD
    0x20000104   COMPRESSED   0x00000014   Data   RW         1272    .data               usart.o
    0x20000118   COMPRESSED   0x00000001   Data   RW         1273    .data               usart.o
    0x20000119   COMPRESSED   0x00000003   PAD
    0x2000011c   COMPRESSED   0x00000004   Data   RW         1283    .data               usart.o
    0x20000120   COMPRESSED   0x00000004   Data   RW         1321    .data               delay.o
    0x20000124   COMPRESSED   0x00000004   Data   RW         1527    .data               los_priqueue.o
    0x20000128   COMPRESSED   0x0000001c   Data   RW         1575    .data               los_swtmr.o
    0x20000144   COMPRESSED   0x00000048   Data   RW         1640    .data               los_task.o
    0x2000018c   COMPRESSED   0x00000004   PAD
    0x20000190   COMPRESSED   0x00000010   Data   RW         1687    .data               los_tick.o
    0x200001a0   COMPRESSED   0x00000004   Data   RW         1690    .data               los_tick.o
    0x200001a4   COMPRESSED   0x0000000c   Data   RW         1818    .data               los_queue.o
    0x200001b0   COMPRESSED   0x0000000c   Data   RW         1848    .data               los_sem.o
    0x200001bc   COMPRESSED   0x00000010   Data   RW         1881    .data               los_heap.o
    0x200001cc   COMPRESSED   0x00000004   Data   RW         1959    .data               los_err.o
    0x200001d0   COMPRESSED   0x00000004   Data   RW         1992    .data               los_init.o
    0x200001d4   COMPRESSED   0x00000004   Data   RW         2047    .data               los_memory.o
    0x200001d8   COMPRESSED   0x00000004   Data   RW         2245    .data               mc_w.l(rand.o)
    0x200001dc   COMPRESSED   0x00000004   Data   RW         2591    .data               mc_w.l(errno.o)
    0x200001e0        -       0x00000307   Zero   RW          702    .bss                main.o
    0x200004e7        -       0x000007d0   Zero   RW         1269    .bss                usart.o
    0x20000cb7   COMPRESSED   0x00000001   PAD
    0x20000cb8        -       0x00000040   Zero   RW         1574    .bss                los_swtmr.o
    0x20000cf8        -       0x00000156   Zero   RW         1638    .bss                los_task.o
    0x20000e4e   COMPRESSED   0x00000002   PAD
    0x20000e50        -       0x00000400   Zero   RW            1    STACK               startup_stm32f10x_hd.o


==============================================================================

Image component sizes


      Code (inc. data)   RO Data    RW Data    ZI Data      Debug   Object Name

       788         52          0          0          0       3271   24l01.o
         0          0          0          0          0      16322   cmsis_liteos.o
         0          0          0          0          0       4508   core_cm3.o
       152         14          0          4          0       1063   delay.o
      2404        944          0          0          0       1916   gpio.o
       280          8          0          1          0       1138   key.o
      1624         22       5124          8          0       7106   lcd.o
       208         26          0          0          0        392   los_dispatch_keil.o
        44         10          0          4          0       2426   los_err.o
       768         80          0         16          0       4889   los_heap.o
       212         14          0          0          0       1813   los_hw.o
       308         20          0          0          0      24649   los_hw_tick.o
        14          0          0          0          0       2237   los_hwi.o
       324        132          0          4          0       1985   los_init.o
       228         42          0          0          0       2542   los_membox.o
       632         68          0          4          0       5959   los_memory.o
        60          0          0          0          0        939   los_misc.o
       188         10          0          4          0      11430   los_priqueue.o
      1796         80          0         12          0      12209   los_queue.o
       884        124          0         12          0       5636   los_sem.o
      1772         46          0         28         64       9771   los_swtmr.o
       232         20          0          0          0       2389   los_sys.o
      3980        396        336         72        342      24028   los_task.o
        40          4          0         20          0       1156   los_tick.o
      6168       1098          0        102        775      17669   main.o
       184         12          0          0          0       1985   misc.o
      2756        314          0         88          0      11464   rc522.o
       240          8          0          0          0       1125   spi.o
        36          8        304          0       1024        856   startup_stm32f10x_hd.o
       664         36          0          0          0       6269   stm32f10x_gpio.o
       756         32          0         20          0       9408   stm32f10x_rcc.o
       276          6          0          0          0       2822   stm32f10x_rtc.o
       692         12          0          0          0       7202   stm32f10x_spi.o
      3114         84          0          0          0      25160   stm32f10x_tim.o
       924         20          0          0          0       9228   stm32f10x_usart.o
         8          0          0          0          0        433   sys.o
       372         34          0         20          0     257355   system_stm32f10x.o
       268         24         67         16          0       1726   timer.o
      1200        256          0          2          0       5278   tools.o
      1988         78          0         25       2000      12616   usart.o

    ----------------------------------------------------------------------
     36586       4134       5864        472       4208     520370   Object Totals
         0          0         32          0          0          0   (incl. Generated)
         2          0          1         10          3          0   (incl. Padding)

    ----------------------------------------------------------------------

      Code (inc. data)   RO Data    RW Data    ZI Data      Debug   Library Member Name

        42          0          0          0          0         84   atof.o
        86          0          0          0          0          0   __dczerorl2.o
        28          0          0          0          0         68   _chval.o
        64          0          0          0          0         84   _sgetc.o
       158          0          0          0          0         92   _strtoul.o
         8          4        133          0          0         68   ctype_o.o
         0          0          0          0          0          0   entry.o
         0          0          0          0          0          0   entry10a.o
         0          0          0          0          0          0   entry11a.o
         4          0          0          0          0          0   entry12b.o
         8          4          0          0          0          0   entry2.o
         4          0          0          0          0          0   entry5.o
         0          0          0          0          0          0   entry7b.o
         0          0          0          0          0          0   entry8b.o
         8          4          0          0          0          0   entry9a.o
        32         16          0          4          0        204   errno.o
        30          0          0          0          0          0   handlers.o
        36          8          0          0          0         68   init.o
        18          0          0          0          0         76   isspace_o.o
         0          0          0          0          0          0   iusefp.o
        30          0          0          0          0         68   llshl.o
        36          0          0          0          0         68   llsshr.o
        32          0          0          0          0         68   llushr.o
        36          0          0          0          0         68   memcpya.o
        36          0          0          0          0        108   memseta.o
      2268         96          0          0          0        616   printfa.o
        36         10          0          4          0        136   rand.o
       878         12          0          0          0        216   scanf_fp.o
        24          0          0          0          0         68   strcat.o
        18          0          0          0          0         68   strcpy.o
        14          0          0          0          0         68   strlen.o
        24          0          0          0          0         76   strncpy.o
       156         12          0          0          0        120   strtod.o
       112          0          0          0          0         88   strtol.o
        44          0          0          0          0         80   uidiv.o
        98          0          0          0          0         92   uldiv.o
        48          0          0          0          0         68   cdrcmple.o
        56          0          0          0          0         88   d2f.o
       334          0          0          0          0        148   dadd.o
       222          0          0          0          0        100   ddiv.o
       186          0          0          0          0        176   depilogue.o
        48          0          0          0          0         68   dfixul.o
        26          0          0          0          0         76   dfltui.o
        24          0          0          0          0         76   dfltul.o
       228          0          0          0          0         96   dmul.o
        38          0          0          0          0         68   f2d.o
       110          0          0          0          0        168   fepilogue.o

    ----------------------------------------------------------------------
      5700        166        134          8          0       3884   Library Totals
        12          0          1          0          0          0   (incl. Padding)

    ----------------------------------------------------------------------

      Code (inc. data)   RO Data    RW Data    ZI Data      Debug   Library Name

        42          0          0          0          0         84   m_ws.l
      4326        166        133          8          0       2668   mc_w.l
      1320          0          0          0          0       1132   mf_w.l

    ----------------------------------------------------------------------
      5700        166        134          8          0       3884   Library Totals

    ----------------------------------------------------------------------

==============================================================================


      Code (inc. data)   RO Data    RW Data    ZI Data      Debug   

     42286       4300       5998        480       4208     518922   Grand Totals
     42286       4300       5998        128       4208     518922   ELF Image Totals (compressed)
     42286       4300       5998        128          0          0   ROM Totals

==============================================================================

    Total RO  Size (Code + RO Data)                48284 (  47.15kB)
    Total RW  Size (RW Data + ZI Data)              4688 (   4.58kB)
    Total ROM Size (Code + RO Data + RW Data)      48412 (  47.28kB)

==============================================================================

