Component: ARM Compiler 5.06 update 7 (build 960) Tool: armlink [4d3601]

==============================================================================

Section Cross References

    startup_stm32f10x_hd.o(RESET) refers to startup_stm32f10x_hd.o(STACK) for __initial_sp
    startup_stm32f10x_hd.o(RESET) refers to startup_stm32f10x_hd.o(.text) for Reset_Handler
    startup_stm32f10x_hd.o(RESET) refers to los_hwi.o(.text) for PendSV_Handler
    startup_stm32f10x_hd.o(RESET) refers to timer.o(.text) for TIM3_IRQHandler
    startup_stm32f10x_hd.o(RESET) refers to usart.o(.text) for USART1_IRQHandler
    startup_stm32f10x_hd.o(.text) refers to system_stm32f10x.o(.text) for SystemInit
    startup_stm32f10x_hd.o(.text) refers to entry.o(.ARM.Collect$$$$00000000) for __main
    system_stm32f10x.o(.text) refers to system_stm32f10x.o(.data) for .data
    stm32f10x_adc.o(.text) refers to stm32f10x_rcc.o(.text) for RCC_APB2PeriphResetCmd
    stm32f10x_bkp.o(.text) refers to stm32f10x_rcc.o(.text) for RCC_BackupResetCmd
    stm32f10x_can.o(.text) refers to stm32f10x_rcc.o(.text) for RCC_APB1PeriphResetCmd
    stm32f10x_cec.o(.text) refers to stm32f10x_rcc.o(.text) for RCC_APB1PeriphResetCmd
    stm32f10x_dac.o(.text) refers to stm32f10x_rcc.o(.text) for RCC_APB1PeriphResetCmd
    stm32f10x_gpio.o(.text) refers to stm32f10x_rcc.o(.text) for RCC_APB2PeriphResetCmd
    stm32f10x_i2c.o(.text) refers to stm32f10x_rcc.o(.text) for RCC_APB1PeriphResetCmd
    stm32f10x_pwr.o(.text) refers to stm32f10x_rcc.o(.text) for RCC_APB1PeriphResetCmd
    stm32f10x_rcc.o(.text) refers to stm32f10x_rcc.o(.data) for .data
    stm32f10x_spi.o(.text) refers to stm32f10x_rcc.o(.text) for RCC_APB2PeriphResetCmd
    stm32f10x_tim.o(.text) refers to stm32f10x_rcc.o(.text) for RCC_APB2PeriphResetCmd
    stm32f10x_usart.o(.text) refers to stm32f10x_rcc.o(.text) for RCC_APB2PeriphResetCmd
    stm32f10x_wwdg.o(.text) refers to stm32f10x_rcc.o(.text) for RCC_APB1PeriphResetCmd
    main.o(.text) refers to stm32f10x_tim.o(.text) for TIM_Cmd
    main.o(.text) refers to rc522.o(.text) for RC522_Init
    main.o(.text) refers to lcd.o(.text) for LCD_Clear
    main.o(.text) refers to memseta.o(.text) for __aeabi_memclr4
    main.o(.text) refers to printfa.o(i.__0sprintf) for __2sprintf
    main.o(.text) refers to usart.o(.text) for UART5TxData
    main.o(.text) refers to strcpy.o(.text) for strcpy
    main.o(.text) refers to tools.o(.text) for DealUpData
    main.o(.text) refers to key.o(.text) for KEY_Scan
    main.o(.text) refers to delay.o(.text) for delay_ms
    main.o(.text) refers to stm32f10x_gpio.o(.text) for GPIO_SetBits
    main.o(.text) refers to strcat.o(.text) for strcat
    main.o(.text) refers to strtol.o(.text) for strtol
    main.o(.text) refers to 24l01.o(.text) for NRF24L01_Init
    main.o(.text) refers to printfa.o(i.__0printf) for __2printf
    main.o(.text) refers to timer.o(.data) for is_send_breath
    main.o(.text) refers to lcd.o(.data) for POINT_COLOR
    main.o(.text) refers to usart.o(.data) for open_flag
    main.o(.text) refers to main.o(.data) for .data
    main.o(.text) refers to rc522.o(.data) for SN
    main.o(.text) refers to main.o(.bss) for .bss
    main.o(.text) refers to atof.o(i.atof) for atof
    main.o(.text) refers to d2f.o(.text) for __aeabi_d2f
    main.o(.text) refers to f2d.o(.text) for __aeabi_f2d
    main.o(.text) refers to usart.o(.bss) for USART3_RX_BUF
    main.o(.text) refers to cdrcmple.o(.text) for __aeabi_cdrcmple
    main.o(.text) refers to gpio.o(.text) for Init_Nbiot
    main.o(.text) refers to sys.o(.text) for NVIC_Configuration
    main.o(.text) refers to timer.o(.text) for TIM3_Int_Init
    main.o(.text) refers to tools.o(.data) for Flag_Need_Init_Nbiot
    main.o(.text) refers to tools.o(.data) for Flag_device_error
    24l01.o(.text) refers to stm32f10x_rcc.o(.text) for RCC_APB2PeriphClockCmd
    24l01.o(.text) refers to stm32f10x_gpio.o(.text) for GPIO_Init
    24l01.o(.text) refers to rc522.o(.text) for RC522_SPI_ReadWriteOneByte
    24l01.o(.text) refers to delay.o(.text) for delay_ms
    24l01.o(.text) refers to printfa.o(i.__0printf) for __2printf
    24l01.o(.text) refers to lcd.o(.text) for LCD_ShowString
    gpio.o(.text) refers to stm32f10x_gpio.o(.text) for GPIO_StructInit
    gpio.o(.text) refers to stm32f10x_rcc.o(.text) for RCC_APB2PeriphClockCmd
    gpio.o(.text) refers to usart.o(.text) for USART1TxStr
    gpio.o(.text) refers to lcd.o(.text) for LCD_ShowString
    gpio.o(.text) refers to delay.o(.text) for delay_ms
    gpio.o(.text) refers to tools.o(.text) for Wait_Str1_Str2_x_100ms
    gpio.o(.text) refers to strcpy.o(.text) for strcpy
    gpio.o(.text) refers to usart.o(.bss) for USART2_RX_BUF
    key.o(.text) refers to stm32f10x_rcc.o(.text) for RCC_APB2PeriphClockCmd
    key.o(.text) refers to stm32f10x_gpio.o(.text) for GPIO_Init
    key.o(.text) refers to delay.o(.text) for delay_ms
    key.o(.text) refers to key.o(.data) for .data
[...]
    _errno                                   0x200001c4   Data           4  errno.o(.data)
    .bss                                     0x200001c8   Section      775  main.o(.bss)
    .bss                                     0x200004cf   Section     2000  usart.o(.bss)
    .bss                                     0x20000ca0   Section       64  los_swtmr.o(.bss)
    .bss                                     0x20000ce0   Section      342  los_task.o(.bss)
    STACK                                    0x20000e38   Section     1024  startup_stm32f10x_hd.o(STACK)

    Global Symbols

    Symbol Name                              Value     Ov Type        Size  Object(Section)

    BuildAttributes$$THM_ISAv4$P$D$K$B$S$PE$A:L22UL41UL21$X:L11$S22US41US21$IEEE1$IW$USESV6$~STKCKD$USESV7$~SHL$OTIME$ROPI$IEEEJ$EBA8$MICROLIB$REQ8$PRES8$EABIv2 0x00000000   Number         0  anon$$obj.o ABSOLUTE
    __ARM_use_no_argv                        0x00000000   Number         0  main.o ABSOLUTE
    __use_no_errno                           0x00000000   Number         0  useno.o ABSOLUTE
    __use_no_exception_handling              0x00000000   Number         0  useno.o ABSOLUTE
    __use_no_fp                              0x00000000   Number         0  useno.o ABSOLUTE
    __use_no_heap                            0x00000000   Number         0  useno.o ABSOLUTE
    __use_no_heap_region                     0x00000000   Number         0  useno.o ABSOLUTE
    __use_no_semihosting                     0x00000000   Number         0  useno.o ABSOLUTE
    __use_no_semihosting_swi                 0x00000000   Number         0  useno.o ABSOLUTE
    __use_no_signal_handling                 0x00000000   Number         0  useno.o ABSOLUTE
    _printf_a                                0x00000000   Number         0  stubs.o ABSOLUTE
    _printf_c                                0x00000000   Number         0  stubs.o ABSOLUTE
    _printf_charcount                        0x00000000   Number         0  stubs.o ABSOLUTE
    _printf_d                                0x00000000   Number         0  stubs.o ABSOLUTE
    _printf_e                                0x00000000   Number         0  stubs.o ABSOLUTE
    _printf_f                                0x00000000   Number         0  stubs.o ABSOLUTE
    _printf_flags                            0x00000000   Number         0  stubs.o ABSOLUTE
    _printf_fp_dec                           0x00000000   Number         0  stubs.o ABSOLUTE
    _printf_fp_hex                           0x00000000   Number         0  stubs.o ABSOLUTE
    _printf_g                                0x00000000   Number         0  stubs.o ABSOLUTE
    _printf_i                                0x00000000   Number         0  stubs.o ABSOLUTE
    _printf_int_dec                          0x00000000   Number         0  stubs.o ABSOLUTE
    _printf_l                                0x00000000   Number         0  stubs.o ABSOLUTE
    _printf_lc                               0x00000000   Number         0  stubs.o ABSOLUTE
    _printf_ll                               0x00000000   Number         0  stubs.o ABSOLUTE
    _printf_lld                              0x00000000   Number         0  stubs.o ABSOLUTE
    _printf_lli                              0x00000000   Number         0  stubs.o ABSOLUTE
    _printf_llo                              0x00000000   Number         0  stubs.o ABSOLUTE
    _printf_llu                              0x00000000   Number         0  stubs.o ABSOLUTE
    _printf_llx                              0x00000000   Number         0  stubs.o ABSOLUTE
    _printf_longlong_dec                     0x00000000   Number         0  stubs.o ABSOLUTE
    _printf_longlong_hex                     0x00000000   Number         0  stubs.o ABSOLUTE
    _printf_longlong_oct                     0x00000000   Number         0  stubs.o ABSOLUTE
    _printf_ls                               0x00000000   Number         0  stubs.o ABSOLUTE
    _printf_mbtowc                           0x00000000   Number         0  stubs.o ABSOLUTE
    _printf_n                                0x00000000   Number         0  stubs.o ABSOLUTE
    _printf_o                                0x00000000   Number         0  stubs.o ABSOLUTE
    _printf_p                                0x00000000   Number         0  stubs.o ABSOLUTE
    _printf_percent                          0x00000000   Number         0  stubs.o ABSOLUTE
    _printf_pre_padding                      0x00000000   Number         0  stubs.o ABSOLUTE
    _printf_return_value                     0x00000000   Number         0  stubs.o ABSOLUTE
    _printf_s                                0x00000000   Number         0  stubs.o ABSOLUTE
    _printf_sizespec                         0x00000000   Number         0  stubs.o ABSOLUTE
    _printf_str                              0x00000000   Number         0  stubs.o ABSOLUTE
    _printf_truncate_signed                  0x00000000   Number         0  stubs.o ABSOLUTE
    _printf_truncate_unsigned                0x00000000   Number         0  stubs.o ABSOLUTE
    _printf_u                                0x00000000   Number         0  stubs.o ABSOLUTE
    _printf_wc                               0x00000000   Number         0  stubs.o ABSOLUTE
    _printf_wctomb                           0x00000000   Number         0  stubs.o ABSOLUTE
    _printf_widthprec                        0x00000000   Number         0  stubs.o ABSOLUTE
    _printf_x                                0x00000000   Number         0  stubs.o ABSOLUTE
    __arm_fini_                               - Undefined Weak Reference
    __cpp_initialize__aeabi_                  - Undefined Weak Reference
    __cxa_finalize                            - Undefined Weak Reference
    _clock_init                               - Undefined Weak Reference
    _microlib_exit                            - Undefined Weak Reference
    __Vectors_Size                           0x00000130   Number         0  startup_stm32f10x_hd.o ABSOLUTE
    __Vectors                                0x08000000   Data           4  startup_stm32f10x_hd.o(RESET)
    __Vectors_End                            0x08000130   Data           0  startup_stm32f10x_hd.o(RESET)
    __main                                   0x08000131   Thumb Code     0  entry.o(.ARM.Collect$$$$00000000)
    _main_stk                                0x08000131   Thumb Code     0  entry2.o(.ARM.Collect$$$$00000001)
    _main_scatterload                        0x08000135   Thumb Code     0  entry5.o(.ARM.Collect$$$$00000004)
    __main_after_scatterload                 0x08000139   Thumb Code     0  entry5.o(.ARM.Collect$$$$00000004)
    _main_clock                              0x08000139   Thumb Code     0  entry7b.o(.ARM.Collect$$$$00000008)
    _main_cpp_init                           0x08000139   Thumb Code     0  entry8b.o(.ARM.Collect$$$$0000000A)
    _main_init                               0x08000139   Thumb Code     0  entry9a.o(.ARM.Collect$$$$0000000B)
    __rt_lib_shutdown_fini                   0x08000141   Thumb Code     0  entry12b.o(.ARM.Collect$$$$0000000E)
    __rt_final_cpp                           0x08000145   Thumb Code     0  entry10a.o(.ARM.Collect$$$$0000000F)
    __rt_final_exit                          0x08000145   Thumb Code     0  entry11a.o(.ARM.Collect$$$$00000011)
    Reset_Handler                            0x08000149   Thumb Code     8  startup_stm32f10x_hd.o(.text)
    NMI_Handler                              0x08000151   Thumb Code     2  startup_stm32f10x_hd.o(.text)
    HardFault_Handler                        0x08000153   Thumb Code     2  startup_stm32f10x_hd.o(.text)
    MemManage_Handler                        0x08000155   Thumb Code     2  startup_stm32f10x_hd.o(.text)
    BusFault_Handler                         0x08000157   Thumb Code     2  startup_stm32f10x_hd.o(.text)
    UsageFault_Handler                       0x08000159   Thumb Code     2  startup_stm32f10x_hd.o(.text)
    SVC_Handler                              0x0800015b   Thumb Code     2  startup_stm32f10x_hd.o(.text)
    DebugMon_Handler                         0x0800015d   Thumb Code     2  startup_stm32f10x_hd.o(.text)
    ADC1_2_IRQHandler                        0x08000163   Thumb Code     0  startup_stm32f10x_hd.o(.text)
    ADC3_IRQHandler                          0x08000163   Thumb Code     0  startup_stm32f10x_hd.o(.text)
    CAN1_RX1_IRQHandler                      0x08000163   Thumb Code     0  startup_stm32f10x_hd.o(.text)
    CAN1_SCE_IRQHandler                      0x08000163   Thumb Code     0  startup_stm32f10x_hd.o(.text)
    DMA1_Channel1_IRQHandler                 0x08000163   Thumb Code     0  startup_stm32f10x_hd.o(.text)
    DMA1_Channel2_IRQHandler                 0x08000163   Thumb Code     0  startup_stm32f10x_hd.o(.text)
    DMA1_Channel3_IRQHandler                 0x08000163   Thumb Code     0  startup_stm32f10x_hd.o(.text)
    DMA1_Channel4_IRQHandler                 0x08000163   Thumb Code     0  startup_stm32f10x_hd.o(.text)
    DMA1_Channel5_IRQHandler                 0x08000163   Thumb Code     0  startup_stm32f10x_hd.o(.text)
    DMA1_Channel6_IRQHandler                 0x08000163   Thumb Code     0  startup_stm32f10x_hd.o(.text)
    DMA1_Channel7_IRQHandler                 0x08000163   Thumb Code     0  startup_stm32f10x_hd.o(.text)
    DMA2_Channel1_IRQHandler                 0x08000163   Thumb Code     0  startup_stm32f10x_hd.o(.text)
    DMA2_Channel2_IRQHandler                 0x08000163   Thumb Code     0  startup_stm32f10x_hd.o(.text)
    DMA2_Channel3_IRQHandler                 0x08000163   Thumb Code     0  startup_stm32f10x_hd.o(.text)
    DMA2_Channel4_5_IRQHandler               0x08000163   Thumb Code     0  startup_stm32f10x_hd.o(.text)
    EXTI0_IRQHandler                         0x08000163   Thumb Code     0  startup_stm32f10x_hd.o(.text)
    EXTI15_10_IRQHandler                     0x08000163   Thumb Code     0  startup_stm32f10x_hd.o(.text)
    EXTI1_IRQHandler                         0x08000163   Thumb Code     0  startup_stm32f10x_hd.o(.text)
    EXTI2_IRQHandler                         0x08000163   Thumb Code     0  startup_stm32f10x_hd.o(.text)
    EXTI3_IRQHandler                         0x08000163   Thumb Code     0  startup_stm32f10x_hd.o(.text)
    EXTI4_IRQHandler                         0x08000163   Thumb Code     0  startup_stm32f10x_hd.o(.text)
    EXTI9_5_IRQHandler                       0x08000163   Thumb Code     0  startup_stm32f10x_hd.o(.text)
    FLASH_IRQHandler                         0x08000163   Thumb Code     0  startup_stm32f10x_hd.o(.text)
    FSMC_IRQHandler                          0x08000163   Thumb Code     0  startup_stm32f10x_hd.o(.text)
    I2C1_ER_IRQHandler                       0x08000163   Thumb Code     0  startup_stm32f10x_hd.o(.text)
    I2C1_EV_IRQHandler                       0x08000163   Thumb Code     0  startup_stm32f10x_hd.o(.text)
    I2C2_ER_IRQHandler                       0x08000163   Thumb Code     0  startup_stm32f10x_hd.o(.text)
    I2C2_EV_IRQHandler                       0x08000163   Thumb Code     0  startup_stm32f10x_hd.o(.text)
    PVD_IRQHandler                           0x08000163   Thumb Code     0  startup_stm32f10x_hd.o(.text)
    RCC_IRQHandler                           0x08000163   Thumb Code     0  startup_stm32f10x_hd.o(.text)
    RTCAlarm_IRQHandler                      0x08000163   Thumb Code     0  startup_stm32f10x_hd.o(.text)
    RTC_IRQHandler                           0x08000163   Thumb Code     0  startup_stm32f10x_hd.o(.text)
    SDIO_IRQHandler                          0x08000163   Thumb Code     0  startup_stm32f10x_hd.o(.text)
    SPI1_IRQHandler                          0x08000163   Thumb Code     0  startup_stm32f10x_hd.o(.text)
    SPI2_IRQHandler                          0x08000163   Thumb Code     0  startup_stm32f10x_hd.o(.text)
    SPI3_IRQHandler                          0x08000163   Thumb Code     0  startup_stm32f10x_hd.o(.text)
    TAMPER_IRQHandler                        0x08000163   Thumb Code     0  startup_stm32f10x_hd.o(.text)
    TIM1_BRK_IRQHandler                      0x08000163   Thumb Code     0  startup_stm32f10x_hd.o(.text)
    TIM1_CC_IRQHandler                       0x08000163   Thumb Code     0  startup_stm32f10x_hd.o(.text)
    TIM1_TRG_COM_IRQHandler                  0x08000163   Thumb Code     0  startup_stm32f10x_hd.o(.text)
    TIM1_UP_IRQHandler                       0x08000163   Thumb Code     0  startup_stm32f10x_hd.o(.text)
    TIM2_IRQHandler                          0x08000163   Thumb Code     0  startup_stm32f10x_hd.o(.text)
    TIM4_IRQHandler                          0x08000163   Thumb Code     0  startup_stm32f10x_hd.o(.text)
    TIM5_IRQHandler                          0x08000163   Thumb Code     0  startup_stm32f10x_hd.o(.text)
    TIM6_IRQHandler                          0x08000163   Thumb Code     0  startup_stm32f10x_hd.o(.text)
    TIM7_IRQHandler                          0x08000163   Thumb Code     0  startup_stm32f10x_hd.o(.text)
    TIM8_BRK_IRQHandler                      0x08000163   Thumb Code     0  startup_stm32f10x_hd.o(.text)
    TIM8_CC_IRQHandler                       0x08000163   Thumb Code     0  startup_stm32f10x_hd.o(.text)
    TIM8_TRG_COM_IRQHandler                  0x08000163   Thumb Code     0  startup_stm32f10x_hd.o(.text)
    TIM8_UP_IRQHandler                       0x08000163   Thumb Code     0  startup_stm32f10x_hd.o(.text)
    UART4_IRQHandler                         0x08000163   Thumb Code     0  startup_stm32f10x_hd.o(.text)
    USBWakeUp_IRQHandler                     0x08000163   Thumb Code     0  startup_stm32f10x_hd.o(.text)
    USB_HP_CAN1_TX_IRQHandler                0x08000163   Thumb Code     0  startup_stm32f10x_hd.o(.text)
    USB_LP_CAN1_RX0_IRQHandler               0x08000163   Thumb Code     0  startup_stm32f10x_hd.o(.text)
    WWDG_IRQHandler                          0x08000163   Thumb Code     0  startup_stm32f10x_hd.o(.text)
    SystemInit                               0x08000215   Thumb Code    64  system_stm32f10x.o(.text)
    SystemCoreClockUpdate                    0x08000255   Thumb Code   106  system_stm32f10x.o(.text)
    NVIC_PriorityGroupConfig                 0x080002e1   Thumb Code    10  misc.o(.text)
    NVIC_Init                                0x080002eb   Thumb Code    96  misc.o(.text)
    NVIC_SetVectorTable                      0x0800034b   Thumb Code    14  misc.o(.text)
    NVIC_SystemLPConfig                      0x08000359   Thumb Code    24  misc.o(.text)
    SysTick_CLKSourceConfig                  0x08000371   Thumb Code    28  misc.o(.text)
    GPIO_DeInit                              0x08000399   Thumb Code   188  stm32f10x_gpio.o(.text)
    GPIO_AFIODeInit                          0x08000455   Thumb Code    22  stm32f10x_gpio.o(.text)
    GPIO_Init                                0x0800046b   Thumb Code   166  stm32f10x_gpio.o(.text)
    GPIO_StructInit                          0x08000511   Thumb Code    16  stm32f10x_gpio.o(.text)
    GPIO_ReadInputDataBit                    0x08000521   Thumb Code    14  stm32f10x_gpio.o(.text)
    GPIO_ReadInputData                       0x0800052f   Thumb Code     6  stm32f10x_gpio.o(.text)
    GPIO_ReadOutputDataBit                   0x08000535   Thumb Code    14  stm32f10x_gpio.o(.text)
    GPIO_ReadOutputData                      0x08000543   Thumb Code     6  stm32f10x_gpio.o(.text)
    GPIO_SetBits                             0x08000549   Thumb Code     4  stm32f10x_gpio.o(.text)
    GPIO_ResetBits                           0x0800054d   Thumb Code     4  stm32f10x_gpio.o(.text)
    GPIO_WriteBit                            0x08000551   Thumb Code    12  stm32f10x_gpio.o(.text)
    GPIO_Write                               0x0800055d   Thumb Code     4  stm32f10x_gpio.o(.text)
    GPIO_PinLockConfig                       0x08000561   Thumb Code    16  stm32f10x_gpio.o(.text)
    GPIO_EventOutputConfig                   0x08000571   Thumb Code    22  stm32f10x_gpio.o(.text)
    GPIO_EventOutputCmd                      0x08000587   Thumb Code     6  stm32f10x_gpio.o(.text)
    GPIO_PinRemapConfig                      0x0800058d   Thumb Code    86  stm32f10x_gpio.o(.text)
    GPIO_EXTILineConfig                      0x080005e3   Thumb Code    34  stm32f10x_gpio.o(.text)
    GPIO_ETH_MediaInterfaceConfig            0x08000605   Thumb Code     8  stm32f10x_gpio.o(.text)
    RCC_DeInit                               0x08000631   Thumb Code    50  stm32f10x_rcc.o(.text)
    RCC_HSEConfig                            0x08000663   Thumb Code    50  stm32f10x_rcc.o(.text)
    RCC_GetFlagStatus                        0x08000695   Thumb Code    42  stm32f10x_rcc.o(.text)
    RCC_WaitForHSEStartUp                    0x080006bf   Thumb Code    48  stm32f10x_rcc.o(.text)
    RCC_AdjustHSICalibrationValue            0x080006ef   Thumb Code    16  stm32f10x_rcc.o(.text)
    RCC_HSICmd                               0x080006ff   Thumb Code     6  stm32f10x_rcc.o(.text)
    RCC_PLLConfig                            0x08000705   Thumb Code    16  stm32f10x_rcc.o(.text)
    RCC_PLLCmd                               0x08000715   Thumb Code     6  stm32f10x_rcc.o(.text)
    RCC_SYSCLKConfig                         0x0800071b   Thumb Code    14  stm32f10x_rcc.o(.text)
    RCC_GetSYSCLKSource                      0x08000729   Thumb Code    10  stm32f10x_rcc.o(.text)
    RCC_HCLKConfig                           0x08000733   Thumb Code    14  stm32f10x_rcc.o(.text)
    RCC_PCLK1Config                          0x08000741   Thumb Code    14  stm32f10x_rcc.o(.text)
    RCC_PCLK2Config                          0x0800074f   Thumb Code    16  stm32f10x_rcc.o(.text)
    RCC_ITConfig                             0x0800075f   Thumb Code    22  stm32f10x_rcc.o(.text)
    RCC_USBCLKConfig                         0x08000775   Thumb Code     8  stm32f10x_rcc.o(.text)
    RCC_ADCCLKConfig                         0x0800077d   Thumb Code    14  stm32f10x_rcc.o(.text)
    RCC_LSEConfig                            0x0800078b   Thumb Code    36  stm32f10x_rcc.o(.text)
    RCC_LSICmd                               0x080007af   Thumb Code     6  stm32f10x_rcc.o(.text)
    RCC_RTCCLKConfig                         0x080007b5   Thumb Code    10  stm32f10x_rcc.o(.text)
    RCC_RTCCLKCmd                            0x080007bf   Thumb Code     8  stm32f10x_rcc.o(.text)
    RCC_GetClocksFreq                        0x080007c7   Thumb Code   154  stm32f10x_rcc.o(.text)
    RCC_AHBPeriphClockCmd                    0x08000861   Thumb Code    22  stm32f10x_rcc.o(.text)
    RCC_APB2PeriphClockCmd                   0x08000877   Thumb Code    22  stm32f10x_rcc.o(.text)
    RCC_APB1PeriphClockCmd                   0x0800088d   Thumb Code    22  stm32f10x_rcc.o(.text)
    RCC_APB2PeriphResetCmd                   0x080008a3   Thumb Code    22  stm32f10x_rcc.o(.text)
    RCC_APB1PeriphResetCmd                   0x080008b9   Thumb Code    22  stm32f10x_rcc.o(.text)
    RCC_BackupResetCmd                       0x080008cf   Thumb Code     8  stm32f10x_rcc.o(.text)
    RCC_ClockSecuritySystemCmd               0x080008d7   Thumb Code     6  stm32f10x_rcc.o(.text)
    RCC_MCOConfig                            0x080008dd   Thumb Code     6  stm32f10x_rcc.o(.text)
    RCC_ClearFlag                            0x080008e3   Thumb Code    12  stm32f10x_rcc.o(.text)
    RCC_GetITStatus                          0x080008ef   Thumb Code    16  stm32f10x_rcc.o(.text)
    RCC_ClearITPendingBit                    0x080008ff   Thumb Code     6  stm32f10x_rcc.o(.text)
    SPI_I2S_DeInit                           0x08000925   Thumb Code    88  stm32f10x_spi.o(.text)
    SPI_Init                                 0x0800097d   Thumb Code    56  stm32f10x_spi.o(.text)
    I2S_Init                                 0x080009b5   Thumb Code   168  stm32f10x_spi.o(.text)
    SPI_StructInit                           0x08000a5d   Thumb Code    24  stm32f10x_spi.o(.text)
    I2S_StructInit                           0x08000a75   Thumb Code    18  stm32f10x_spi.o(.text)
    SPI_Cmd                                  0x08000a87   Thumb Code    24  stm32f10x_spi.o(.text)
    I2S_Cmd                                  0x08000a9f   Thumb Code    24  stm32f10x_spi.o(.text)
    SPI_I2S_ITConfig                         0x08000ab7   Thumb Code    28  stm32f10x_spi.o(.text)
    SPI_I2S_DMACmd                           0x08000ad3   Thumb Code    20  stm32f10x_spi.o(.text)
    SPI_I2S_SendData                         0x08000ae7   Thumb Code     4  stm32f10x_spi.o(.text)
    SPI_I2S_ReceiveData                      0x08000aeb   Thumb Code     4  stm32f10x_spi.o(.text)
    SPI_NSSInternalSoftwareConfig            0x08000aef   Thumb Code    28  stm32f10x_spi.o(.text)
    SPI_SSOutputCmd                          0x08000b0b   Thumb Code    24  stm32f10x_spi.o(.text)
    SPI_DataSizeConfig                       0x08000b23   Thumb Code    16  stm32f10x_spi.o(.text)
    SPI_TransmitCRC                          0x08000b33   Thumb Code    10  stm32f10x_spi.o(.text)
    SPI_CalculateCRC                         0x08000b3d   Thumb Code    24  stm32f10x_spi.o(.text)
    SPI_GetCRC                               0x08000b55   Thumb Code    12  stm32f10x_spi.o(.text)
    SPI_GetCRCPolynomial                     0x08000b61   Thumb Code     4  stm32f10x_spi.o(.text)
    SPI_BiDirectionalLineConfig              0x08000b65   Thumb Code    26  stm32f10x_spi.o(.text)
    SPI_I2S_GetFlagStatus                    0x08000b7f   Thumb Code    14  stm32f10x_spi.o(.text)
    SPI_I2S_ClearFlag                        0x08000b8d   Thumb Code     6  stm32f10x_spi.o(.text)
    SPI_I2S_GetITStatus                      0x08000b93   Thumb Code    44  stm32f10x_spi.o(.text)
    SPI_I2S_ClearITPendingBit                0x08000bbf   Thumb Code    14  stm32f10x_spi.o(.text)
    TIM_DeInit                               0x08000bd9   Thumb Code   464  stm32f10x_tim.o(.text)
    TIM_TimeBaseInit                         0x08000da9   Thumb Code   114  stm32f10x_tim.o(.text)
    TIM_OC1Init                              0x08000e1b   Thumb Code   114  stm32f10x_tim.o(.text)
    TIM_OC2Init                              0x08000e8d   Thumb Code   128  stm32f10x_tim.o(.text)
    TIM_OC3Init                              0x08000f0d   Thumb Code   124  stm32f10x_tim.o(.text)
    TIM_OC4Init                              0x08000f89   Thumb Code   160  stm32f10x_tim.o(.text)
    TIM_SetIC4Prescaler                      0x08001029   Thumb Code    24  stm32f10x_tim.o(.text)
    TIM_SetIC3Prescaler                      0x080010a7   Thumb Code    16  stm32f10x_tim.o(.text)
    TIM_SetIC2Prescaler                      0x08001119   Thumb Code    24  stm32f10x_tim.o(.text)
    TIM_SetIC1Prescaler                      0x08001197   Thumb Code    16  stm32f10x_tim.o(.text)
    TIM_ICInit                               0x08001205   Thumb Code   114  stm32f10x_tim.o(.text)
    TIM_PWMIConfig                           0x08001277   Thumb Code   106  stm32f10x_tim.o(.text)
    TIM_BDTRConfig                           0x080012e1   Thumb Code    34  stm32f10x_tim.o(.text)
    TIM_TimeBaseStructInit                   0x08001303   Thumb Code    18  stm32f10x_tim.o(.text)
    TIM_OCStructInit                         0x08001315   Thumb Code    20  stm32f10x_tim.o(.text)
    TIM_ICStructInit                         0x08001329   Thumb Code    16  stm32f10x_tim.o(.text)
    TIM_BDTRStructInit                       0x08001339   Thumb Code    18  stm32f10x_tim.o(.text)
    TIM_Cmd                                  0x0800134b   Thumb Code    24  stm32f10x_tim.o(.text)
    TIM_CtrlPWMOutputs                       0x08001363   Thumb Code    28  stm32f10x_tim.o(.text)
    TIM_ITConfig                             0x0800137f   Thumb Code    20  stm32f10x_tim.o(.text)
    TIM_GenerateEvent                        0x08001393   Thumb Code     4  stm32f10x_tim.o(.text)
    TIM_DMAConfig                            0x08001397   Thumb Code     8  stm32f10x_tim.o(.text)
    TIM_DMACmd                               0x0800139f   Thumb Code    20  stm32f10x_tim.o(.text)
    TIM_InternalClockConfig                  0x080013b3   Thumb Code    10  stm32f10x_tim.o(.text)
    TIM_SelectInputTrigger                   0x080013bd   Thumb Code    12  stm32f10x_tim.o(.text)
    TIM_ITRxExternalClockConfig              0x080013c9   Thumb Code    20  stm32f10x_tim.o(.text)
    TIM_TIxExternalClockConfig               0x080013dd   Thumb Code    48  stm32f10x_tim.o(.text)
    TIM_ETRConfig                            0x0800140d   Thumb Code    24  stm32f10x_tim.o(.text)
    TIM_ETRClockMode1Config                  0x08001425   Thumb Code    52  stm32f10x_tim.o(.text)
    TIM_ETRClockMode2Config                  0x08001459   Thumb Code    20  stm32f10x_tim.o(.text)
    TIM_PrescalerConfig                      0x0800146d   Thumb Code     6  stm32f10x_tim.o(.text)
    TIM_CounterModeConfig                    0x08001473   Thumb Code    12  stm32f10x_tim.o(.text)
    TIM_EncoderInterfaceConfig               0x0800147f   Thumb Code    50  stm32f10x_tim.o(.text)
    TIM_ForcedOC1Config                      0x080014b1   Thumb Code    12  stm32f10x_tim.o(.text)
    TIM_ForcedOC2Config                      0x080014bd   Thumb Code    20  stm32f10x_tim.o(.text)
    TIM_ForcedOC3Config                      0x080014d1   Thumb Code    12  stm32f10x_tim.o(.text)
    TIM_ForcedOC4Config                      0x080014dd   Thumb Code    20  stm32f10x_tim.o(.text)
    TIM_ARRPreloadConfig                     0x080014f1   Thumb Code    24  stm32f10x_tim.o(.text)
    TIM_SelectCOM                            0x08001509   Thumb Code    24  stm32f10x_tim.o(.text)
    TIM_SelectCCDMA                          0x08001521   Thumb Code    24  stm32f10x_tim.o(.text)
    TIM_CCPreloadControl                     0x08001539   Thumb Code    24  stm32f10x_tim.o(.text)
    TIM_OC1PreloadConfig                     0x08001551   Thumb Code    12  stm32f10x_tim.o(.text)
    TIM_OC2PreloadConfig                     0x0800155d   Thumb Code    20  stm32f10x_tim.o(.text)
    TIM_OC3PreloadConfig                     0x08001571   Thumb Code    12  stm32f10x_tim.o(.text)
    TIM_OC4PreloadConfig                     0x0800157d   Thumb Code    20  stm32f10x_tim.o(.text)
    TIM_OC1FastConfig                        0x08001591   Thumb Code    12  stm32f10x_tim.o(.text)
    TIM_OC2FastConfig                        0x0800159d   Thumb Code    20  stm32f10x_tim.o(.text)
    TIM_OC3FastConfig                        0x080015b1   Thumb Code    12  stm32f10x_tim.o(.text)
    TIM_OC4FastConfig                        0x080015bd   Thumb Code    20  stm32f10x_tim.o(.text)
    TIM_ClearOC1Ref                          0x080015d1   Thumb Code    12  stm32f10x_tim.o(.text)
    TIM_ClearOC2Ref                          0x080015dd   Thumb Code    20  stm32f10x_tim.o(.text)
    TIM_ClearOC3Ref                          0x080015f1   Thumb Code    12  stm32f10x_tim.o(.text)
    TIM_ClearOC4Ref                          0x080015fd   Thumb Code    20  stm32f10x_tim.o(.text)
    TIM_OC1PolarityConfig                    0x08001611   Thumb Code    12  stm32f10x_tim.o(.text)
    TIM_OC1NPolarityConfig                   0x0800161d   Thumb Code    12  stm32f10x_tim.o(.text)
    TIM_OC2PolarityConfig                    0x08001629   Thumb Code    20  stm32f10x_tim.o(.text)
    TIM_OC2NPolarityConfig                   0x0800163d   Thumb Code    20  stm32f10x_tim.o(.text)
    TIM_OC3PolarityConfig                    0x08001651   Thumb Code    20  stm32f10x_tim.o(.text)
    TIM_OC3NPolarityConfig                   0x08001665   Thumb Code    20  stm32f10x_tim.o(.text)
    TIM_OC4PolarityConfig                    0x08001679   Thumb Code    20  stm32f10x_tim.o(.text)
    TIM_CCxCmd                               0x0800168d   Thumb Code    22  stm32f10x_tim.o(.text)
    TIM_CCxNCmd                              0x080016a3   Thumb Code    22  stm32f10x_tim.o(.text)
    TIM_SelectOCxM                           0x080016b9   Thumb Code    76  stm32f10x_tim.o(.text)
    TIM_UpdateDisableConfig                  0x08001705   Thumb Code    24  stm32f10x_tim.o(.text)
    TIM_UpdateRequestConfig                  0x0800171d   Thumb Code    24  stm32f10x_tim.o(.text)
    TIM_SelectHallSensor                     0x08001735   Thumb Code    24  stm32f10x_tim.o(.text)
    TIM_SelectOnePulseMode                   0x0800174d   Thumb Code    16  stm32f10x_tim.o(.text)
    TIM_SelectOutputTrigger                  0x0800175d   Thumb Code    16  stm32f10x_tim.o(.text)
    TIM_SelectSlaveMode                      0x0800176d   Thumb Code    16  stm32f10x_tim.o(.text)
    TIM_SelectMasterSlaveMode                0x0800177d   Thumb Code    16  stm32f10x_tim.o(.text)
    TIM_SetCounter                           0x0800178d   Thumb Code     4  stm32f10x_tim.o(.text)
    TIM_SetAutoreload                        0x08001791   Thumb Code     4  stm32f10x_tim.o(.text)
    TIM_SetCompare1                          0x08001795   Thumb Code     4  stm32f10x_tim.o(.text)
    TIM_SetCompare2                          0x08001799   Thumb Code     4  stm32f10x_tim.o(.text)
    TIM_SetCompare3                          0x0800179d   Thumb Code     4  stm32f10x_tim.o(.text)
    TIM_SetCompare4                          0x080017a1   Thumb Code     6  stm32f10x_tim.o(.text)
    TIM_SetClockDivision                     0x080017a7   Thumb Code    16  stm32f10x_tim.o(.text)
    TIM_GetCapture1                          0x080017b7   Thumb Code     4  stm32f10x_tim.o(.text)
    TIM_GetCapture2                          0x080017bb   Thumb Code     4  stm32f10x_tim.o(.text)
    TIM_GetCapture3                          0x080017bf   Thumb Code     4  stm32f10x_tim.o(.text)
    TIM_GetCapture4                          0x080017c3   Thumb Code     6  stm32f10x_tim.o(.text)
    TIM_GetCounter                           0x080017c9   Thumb Code     4  stm32f10x_tim.o(.text)
    TIM_GetPrescaler                         0x080017cd   Thumb Code     4  stm32f10x_tim.o(.text)
    TIM_GetFlagStatus                        0x080017d1   Thumb Code    14  stm32f10x_tim.o(.text)
    TIM_ClearFlag                            0x080017df   Thumb Code     6  stm32f10x_tim.o(.text)
    TIM_GetITStatus                          0x080017e5   Thumb Code    24  stm32f10x_tim.o(.text)
    TIM_ClearITPendingBit                    0x080017fd   Thumb Code     6  stm32f10x_tim.o(.text)
    USART_DeInit                             0x08001805   Thumb Code   144  stm32f10x_usart.o(.text)
    USART_Init                               0x08001895   Thumb Code   182  stm32f10x_usart.o(.text)
    USART_StructInit                         0x0800194b   Thumb Code    22  stm32f10x_usart.o(.text)
    USART_ClockInit                          0x08001961   Thumb Code    30  stm32f10x_usart.o(.text)
    USART_ClockStructInit                    0x0800197f   Thumb Code    12  stm32f10x_usart.o(.text)
    USART_Cmd                                0x0800198b   Thumb Code    24  stm32f10x_usart.o(.text)
    USART_ITConfig                           0x080019a3   Thumb Code    54  stm32f10x_usart.o(.text)
    USART_DMACmd                             0x080019d9   Thumb Code    20  stm32f10x_usart.o(.text)
    USART_SetAddress                         0x080019ed   Thumb Code    16  stm32f10x_usart.o(.text)
    USART_WakeUpConfig                       0x080019fd   Thumb Code    16  stm32f10x_usart.o(.text)
    USART_ReceiverWakeUpCmd                  0x08001a0d   Thumb Code    24  stm32f10x_usart.o(.text)
    USART_LINBreakDetectLengthConfig         0x08001a25   Thumb Code    16  stm32f10x_usart.o(.text)
    USART_LINCmd                             0x08001a35   Thumb Code    24  stm32f10x_usart.o(.text)
    USART_SendData                           0x08001a4d   Thumb Code     8  stm32f10x_usart.o(.text)
    USART_ReceiveData                        0x08001a55   Thumb Code     8  stm32f10x_usart.o(.text)
    USART_SendBreak                          0x08001a5d   Thumb Code    10  stm32f10x_usart.o(.text)
    USART_SetGuardTime                       0x08001a67   Thumb Code    16  stm32f10x_usart.o(.text)
    USART_SetPrescaler                       0x08001a77   Thumb Code    16  stm32f10x_usart.o(.text)
    USART_SmartCardCmd                       0x08001a87   Thumb Code    24  stm32f10x_usart.o(.text)
    USART_SmartCardNACKCmd                   0x08001a9f   Thumb Code    24  stm32f10x_usart.o(.text)
    USART_HalfDuplexCmd                      0x08001ab7   Thumb Code    24  stm32f10x_usart.o(.text)
    USART_OverSampling8Cmd                   0x08001acf   Thumb Code    24  stm32f10x_usart.o(.text)
    USART_OneBitMethodCmd                    0x08001ae7   Thumb Code    24  stm32f10x_usart.o(.text)
    USART_IrDAConfig                         0x08001aff   Thumb Code    16  stm32f10x_usart.o(.text)
    USART_IrDACmd                            0x08001b0f   Thumb Code    24  stm32f10x_usart.o(.text)
    USART_GetFlagStatus                      0x08001b27   Thumb Code    14  stm32f10x_usart.o(.text)
    USART_ClearFlag                          0x08001b35   Thumb Code     8  stm32f10x_usart.o(.text)
    USART_GetITStatus                        0x08001b3d   Thumb Code    64  stm32f10x_usart.o(.text)
    USART_ClearITPendingBit                  0x08001b7d   Thumb Code    16  stm32f10x_usart.o(.text)
    rc522                                    0x08001ba1   Thumb Code   762  main.o(.text)
    HexToStr                                 0x08001e9b   Thumb Code    54  main.o(.text)
    GetNextTXAddress                         0x08001ed1   Thumb Code    72  main.o(.text)
    AddTXAddressToList                       0x08001f19   Thumb Code    88  main.o(.text)
    nRF24L01                                 0x08001f71   Thumb Code   312  main.o(.text)
    controllLED                              0x080020a9   Thumb Code   384  main.o(.text)
    collectSensorData                        0x08002229   Thumb Code  1322  main.o(.text)
    setMaxValue                              0x08002753   Thumb Code   918  main.o(.text)
    AddMeunChineseItem                       0x08002ae9   Thumb Code   152  main.o(.text)
    AddMeunItem                              0x08002b81   Thumb Code   152  main.o(.text)
    mainMenu                                 0x08002c19   Thumb Code   640  main.o(.text)
    main                                     0x08002e99   Thumb Code   320  main.o(.text)
    dataReceive                              0x08002fd9   Thumb Code    20  main.o(.text)
    NRF24L01_Init                            0x0800302d   Thumb Code   136  24l01.o(.text)
    NRF24L01_Read_Buf                        0x080030b5   Thumb Code    54  24l01.o(.text)
    NRF24L01_Write_Buf                       0x080030eb   Thumb Code    52  24l01.o(.text)
    NRF24L01_Check                           0x0800311f   Thumb Code    60  24l01.o(.text)
    NRF24L01_Write_Reg                       0x0800315b   Thumb Code    34  24l01.o(.text)
    NRF24L01_Read_Reg                        0x0800317d   Thumb Code    24  24l01.o(.text)
    NRF24L01_TxPacket                        0x08003195   Thumb Code    78  24l01.o(.text)
    NRF24L01_RxPacket                        0x080031e3   Thumb Code    50  24l01.o(.text)
    NRF24L01_RX_Mode                         0x08003215   Thumb Code   134  24l01.o(.text)
    NRF24L01_TX_Mode                         0x0800329b   Thumb Code   114  24l01.o(.text)
    GPIO_Configuration                       0x08003341   Thumb Code   226  gpio.o(.text)
    Init_Nbiot                               0x08003423   Thumb Code  1792  gpio.o(.text)
    key_init                                 0x08003ca5   Thumb Code    34  key.o(.text)
    key_scan_task                            0x08003cc7   Thumb Code     2  key.o(.text)
    KEY_Scan                                 0x08003cc9   Thumb Code   236  key.o(.text)
    LCD_Writ_Bus                             0x08003dbd   Thumb Code     4  lcd.o(.text)
    LCD_WR_DATA8                             0x08003dc1   Thumb Code    20  lcd.o(.text)
    LCD_WR_DATA                              0x08003dd5   Thumb Code    28  lcd.o(.text)
    LCD_WR_REG                               0x08003df1   Thumb Code    20  lcd.o(.text)
    LCD_WR_REG_DATA                          0x08003e05   Thumb Code    18  lcd.o(.text)
    Address_set                              0x08003e17   Thumb Code    88  lcd.o(.text)
    LCD_Clear                                0x08003e6f   Thumb Code    50  lcd.o(.text)
    Lcd_Init                                 0x08003ea1   Thumb Code   590  lcd.o(.text)
    LCD_DrawPoint                            0x080040ef   Thumb Code    20  lcd.o(.text)
    LCD_ShowChar                             0x08004103   Thumb Code   186  lcd.o(.text)
    LCD_ShowString                           0x080041bd   Thumb Code    66  lcd.o(.text)
    LCD_Show_One_Chinese16x16                0x080041ff   Thumb Code   136  lcd.o(.text)
    LCD_Show_Chinese16x16                    0x08004287   Thumb Code    40  lcd.o(.text)
    LCD_DrawLine                             0x080042af   Thumb Code   140  lcd.o(.text)
    LCD_DrawRectangle                        0x0800433b   Thumb Code    62  lcd.o(.text)
    LCD_Fill                                 0x08004379   Thumb Code    54  lcd.o(.text)
    LCD_LoadBar                              0x080043af   Thumb Code    94  lcd.o(.text)
    print_info                               0x08004415   Thumb Code    34  rc522.o(.text)
    RC522_SPI_ReadWriteOneByte               0x08004437   Thumb Code    66  rc522.o(.text)
    RC522_WriteRawRC                         0x08004479   Thumb Code    32  rc522.o(.text)
    RC522_ReadRawRC                          0x08004499   Thumb Code    34  rc522.o(.text)
    RC522_SetBitMask                         0x080044bb   Thumb Code    24  rc522.o(.text)
    RC522_ClearBitMask                       0x080044d3   Thumb Code    24  rc522.o(.text)
    RC522_PcdComMF522                        0x080044eb   Thumb Code   288  rc522.o(.text)
    RC522_CalulateCRC                        0x0800460b   Thumb Code    96  rc522.o(.text)
    RC522_PcdSelect                          0x0800466b   Thumb Code   100  rc522.o(.text)
    RC522_PcdAnticoll                        0x080046cf   Thumb Code   108  rc522.o(.text)
    RC522_PcdRequest                         0x0800473b   Thumb Code    82  rc522.o(.text)
    read_card                                0x0800478d   Thumb Code    64  rc522.o(.text)
    RC522_PcdWrite                           0x080047cd   Thumb Code   180  rc522.o(.text)
    RC522_PcdAuthState                       0x08004881   Thumb Code    64  rc522.o(.text)
    card_passworld                           0x080048c1   Thumb Code    52  rc522.o(.text)
    write_card_data                          0x080048f5   Thumb Code    66  rc522.o(.text)
    RC522_PcdRead                            0x08004937   Thumb Code    74  rc522.o(.text)
    read_card_data                           0x08004981   Thumb Code    68  rc522.o(.text)
    RC522_IO_Init                            0x080049c5   Thumb Code    98  rc522.o(.text)
    RC522_MFRC522_SelectTag                  0x08004a27   Thumb Code   106  rc522.o(.text)
    RC522_Delay                              0x08004a91   Thumb Code    18  rc522.o(.text)
    RC522_PcdAntennaOn                       0x08004aa3   Thumb Code    24  rc522.o(.text)
    M500PcdConfigISOType                     0x08004abb   Thumb Code    90  rc522.o(.text)
    RC522_PcdAntennaOff                      0x08004b15   Thumb Code     6  rc522.o(.text)
    RC522_PcdReset                           0x08004b1b   Thumb Code   106  rc522.o(.text)
    RC522_Init                               0x08004b85   Thumb Code    32  rc522.o(.text)
    RC522_Reset                              0x08004ba5   Thumb Code    22  rc522.o(.text)
    RC522_PcdHalt                            0x08004bbb   Thumb Code    50  rc522.o(.text)
    notarize_type1                           0x08004bed   Thumb Code   206  rc522.o(.text)
    notarize_type3                           0x08004cbb   Thumb Code   462  rc522.o(.text)
    SPI2_ReadWriteByte                       0x08004ed9   Thumb Code    82  spi.o(.text)
    SPI2_Init                                0x08004f2b   Thumb Code   126  spi.o(.text)
    SPI2_SetSpeed                            0x08004fa9   Thumb Code    24  spi.o(.text)
    NVIC_Configuration                       0x08004fc9   Thumb Code     8  sys.o(.text)
    TIM3_Int_Init                            0x08004fd1   Thumb Code    90  timer.o(.text)
    TIM3_IRQHandler                          0x0800502b   Thumb Code   154  timer.o(.text)
    my_strcat                                0x080050dd   Thumb Code    34  tools.o(.text)
    StringToHexstring                        0x080050ff   Thumb Code    72  tools.o(.text)
    Wait_OK                                  0x08005147   Thumb Code    16  tools.o(.text)
    copy_str                                 0x08005157   Thumb Code    20  tools.o(.text)
    Query                                    0x0800516b   Thumb Code    66  tools.o(.text)
    Wait_Str_x_100ms                         0x080051ad   Thumb Code   202  tools.o(.text)
    Wait_Str1_Str2_x_100ms                   0x08005277   Thumb Code   232  tools.o(.text)
    Wait_OK_x_100ms                          0x0800535f   Thumb Code    50  tools.o(.text)
    Wait_ready_x_100ms                       0x08005391   Thumb Code    76  tools.o(.text)
    DealUpData                               0x080053dd   Thumb Code   160  tools.o(.text)
    Array_CLR                                0x0800547d   Thumb Code    16  tools.o(.text)
    _sys_exit                                0x0800558d   Thumb Code     2  usart.o(.text)
    fputc                                    0x0800558f   Thumb Code    18  usart.o(.text)
    Usart1_Init                              0x080055a1   Thumb Code   160  usart.o(.text)
    Usart1_Remap_Init                        0x08005641   Thumb Code   156  usart.o(.text)
    USART1TxChar                             0x080056dd   Thumb Code    26  usart.o(.text)
    USART1TxData                             0x080056f7   Thumb Code    20  usart.o(.text)
    USART1TxData_hex                         0x0800570b   Thumb Code    26  usart.o(.text)
    USART1TxStr                              0x08005725   Thumb Code    20  usart.o(.text)
    USART1_IRQHandler                        0x08005739   Thumb Code    58  usart.o(.text)
    CLR_Buf1                                 0x08005773   Thumb Code    24  usart.o(.text)
    Usart2_Init                              0x0800586f   Thumb Code    32  usart.o(.text)
    Usart2_Remap_Init                        0x0800588f   Thumb Code    32  usart.o(.text)
    USART2TxChar                             0x080058af   Thumb Code    26  usart.o(.text)
    USART2TxData                             0x080058c9   Thumb Code    20  usart.o(.text)
    USART2TxData_hex                         0x080058dd   Thumb Code    26  usart.o(.text)
    USART2TxStr                              0x080058f7   Thumb Code    20  usart.o(.text)
    UART5TxChar                              0x0800590b   Thumb Code    26  usart.o(.text)
    USART2_IRQHandler                        0x08005925   Thumb Code   182  usart.o(.text)
    CLR_Buf2                                 0x080059db   Thumb Code    24  usart.o(.text)
    Usart3_Init                              0x08005ad9   Thumb Code    24  usart.o(.text)
    Usart3_Remap_Init                        0x08005af1   Thumb Code    32  usart.o(.text)
    USART3TxChar                             0x08005b11   Thumb Code    26  usart.o(.text)
    USART3TxData                             0x08005b2b   Thumb Code    20  usart.o(.text)
    USART3TxData_hex                         0x08005b3f   Thumb Code    26  usart.o(.text)
    USART3TxStr                              0x08005b59   Thumb Code    20  usart.o(.text)
    USART3_IRQHandler                        0x08005b6d   Thumb Code    90  usart.o(.text)
    CLR_Buf3                                 0x08005bc7   Thumb Code    24  usart.o(.text)
    Uart5_Init                               0x08005c81   Thumb Code    36  usart.o(.text)
    UART5TxData                              0x08005ca5   Thumb Code    20  usart.o(.text)
    UART5TxData_hex                          0x08005cb9   Thumb Code    26  usart.o(.text)
    UART5TxStr                               0x08005cd3   Thumb Code    20  usart.o(.text)
    UART5_IRQHandler                         0x08005ce7   Thumb Code    42  usart.o(.text)
    CLR_Buf5                                 0x08005d11   Thumb Code    24  usart.o(.text)
    delay_init                               0x08005d51   Thumb Code    46  delay.o(.text)
    delay_us                                 0x08005d7f   Thumb Code    46  delay.o(.text)
    delay_ms                                 0x08005dad   Thumb Code    46  delay.o(.text)
    osPriqueueInit                           0x08005de9   Thumb Code    42  los_priqueue.o(.text)
    osPriqueueEnqueue                        0x08005e13   Thumb Code    24  los_priqueue.o(.text)
    osPriqueueDequeue                        0x08005e2b   Thumb Code    20  los_priqueue.o(.text)
    osPriqueueTop                            0x08005e3f   Thumb Code    42  los_priqueue.o(.text)
    osPriqueueSize                           0x08005e69   Thumb Code    26  los_priqueue.o(.text)
    osPriqueueTotalSize                      0x08005e83   Thumb Code    24  los_priqueue.o(.text)
    osSwTmrTask                              0x08005ea5   Thumb Code    56  los_swtmr.o(.text)
    osSwTmrTaskCreate                        0x08005edd   Thumb Code    46  los_swtmr.o(.text)
    osSwTmrInit                              0x08005f0b   Thumb Code   118  los_swtmr.o(.text)
    osSwTmrStart                             0x08005f81   Thumb Code   382  los_swtmr.o(.text)
    osSwtmrStop                              0x080060ff   Thumb Code    76  los_swtmr.o(.text)
    osSwtmrScan                              0x080061b1   Thumb Code    26  los_swtmr.o(.text)
    osSwTmrGetNextTimeout                    0x080061cb   Thumb Code    46  los_swtmr.o(.text)
    osSwtimerInsert                          0x080061f9   Thumb Code    62  los_swtmr.o(.text)
    osSwTmrAdjust                            0x08006237   Thumb Code    72  los_swtmr.o(.text)
    osSwtmrTimeGet                           0x0800627f   Thumb Code    56  los_swtmr.o(.text)
    LOS_SwtmrCreate                          0x080062b7   Thumb Code   160  los_swtmr.o(.text)
    LOS_SwtmrStart                           0x08006357   Thumb Code   192  los_swtmr.o(.text)
    LOS_SwtmrStop                            0x08006417   Thumb Code   106  los_swtmr.o(.text)
    LOS_SwtmrTimeGet                         0x08006481   Thumb Code   122  los_swtmr.o(.text)
    LOS_SwtmrDelete                          0x080064fb   Thumb Code   112  los_swtmr.o(.text)
    LOS_TickCountGet                         0x08006591   Thumb Code     6  los_sys.o(.text)
    LOS_CyclePerTickGet                      0x08006597   Thumb Code    14  los_sys.o(.text)
    LOS_MS2Tick                              0x080065a5   Thumb Code    28  los_sys.o(.text)
    LOS_Tick2MS                              0x080065c1   Thumb Code    18  los_sys.o(.text)
    osCpuTick2MS                             0x080065d3   Thumb Code    74  los_sys.o(.text)
    osCpuTick2US                             0x0800661d   Thumb Code    72  los_sys.o(.text)
    osTaskNextSwitchTimeGet                  0x08006679   Thumb Code    60  los_task.o(.text)
    osIdleTask                               0x080066b5   Thumb Code     2  los_task.o(.text)
    osTaskPriModify                          0x080066b7   Thumb Code    52  los_task.o(.text)
    osTaskAdd2TimerList                      0x080066eb   Thumb Code   136  los_task.o(.text)
    osTimerListDelete                        0x08006773   Thumb Code    48  los_task.o(.text)
    osTaskScan                               0x080067a3   Thumb Code   182  los_task.o(.text)
    osConvertTskStatus                       0x08006859   Thumb Code    68  los_task.o(.text)
    osGetTaskWaterLine                       0x0800689d   Thumb Code    88  los_task.o(.text)
    osGetAllTskInfo                          0x080068f5   Thumb Code   196  los_task.o(.text)
    osTaskInit                               0x080069b9   Thumb Code   390  los_task.o(.text)
    LOS_TaskCreateOnly                       0x08006b3f   Thumb Code   322  los_task.o(.text)
    LOS_TaskCreate                           0x08006c81   Thumb Code   112  los_task.o(.text)
    osIdleTaskCreate                         0x08006cf1   Thumb Code    50  los_task.o(.text)
    LOS_CurTaskIDGet                         0x08006d23   Thumb Code    18  los_task.o(.text)
    LOS_NextTaskIDGet                        0x08006d35   Thumb Code    18  los_task.o(.text)
    LOS_CurTaskNameGet                       0x08006d47   Thumb Code    16  los_task.o(.text)
    osTaskSwitchCheck                        0x08006d57   Thumb Code   178  los_task.o(.text)
    osTaskMonInit                            0x08006e09   Thumb Code    34  los_task.o(.text)
    LOS_TaskDelete                           0x08006e2b   Thumb Code   522  los_task.o(.text)
    osTaskEntry                              0x08007035   Thumb Code    38  los_task.o(.text)
    LOS_TaskResume                           0x0800705b   Thumb Code   134  los_task.o(.text)
    LOS_TaskSuspend                          0x080070e1   Thumb Code   170  los_task.o(.text)
    LOS_TaskYield                            0x0800718b   Thumb Code   106  los_task.o(.text)
    LOS_TaskDelay                            0x080071f5   Thumb Code    98  los_task.o(.text)
    LOS_TaskPriGet                           0x08007257   Thumb Code    62  los_task.o(.text)
    LOS_TaskPriSet                           0x08007295   Thumb Code   150  los_task.o(.text)
    LOS_CurTaskPriSet                        0x0800732b   Thumb Code    12  los_task.o(.text)
    osTaskWait                               0x08007337   Thumb Code    70  los_task.o(.text)
    osTaskWake                               0x0800737d   Thumb Code    66  los_task.o(.text)
    LOS_TaskLock                             0x080073bf   Thumb Code    24  los_task.o(.text)
    LOS_TaskUnlock                           0x080073d7   Thumb Code    58  los_task.o(.text)
    LOS_TaskInfoGet                          0x08007411   Thumb Code   222  los_task.o(.text)
    LOS_TaskStatusGet                        0x080074ef   Thumb Code    70  los_task.o(.text)
    LOS_TaskSwitchInfoGet                    0x08007535   Thumb Code    60  los_task.o(.text)
    LOS_TaskInfoMonitor                      0x08007571   Thumb Code     4  los_task.o(.text)
    LOS_TaskIsRunning                        0x08007575   Thumb Code     6  los_task.o(.text)
    LOS_NewTaskIDGet                         0x0800757b   Thumb Code    18  los_task.o(.text)
    LOS_TaskNameGet                          0x0800758d   Thumb Code    54  los_task.o(.text)
    osTickHandler                            0x08007605   Thumb Code    30  los_tick.o(.text)
    LOS_SysClockGet                          0x08007623   Thumb Code     6  los_tick.o(.text)
    osQueueInit                              0x0800762d   Thumb Code    78  los_queue.o(.text)
    LOS_QueueCreate                          0x0800767b   Thumb Code   188  los_queue.o(.text)
    osQueueOperate                           0x08007837   Thumb Code   336  los_queue.o(.text)
    LOS_QueueReadCopy                        0x08007987   Thumb Code    42  los_queue.o(.text)
    LOS_QueueWriteHeadCopy                   0x080079b1   Thumb Code    44  los_queue.o(.text)
    LOS_QueueWriteCopy                       0x080079dd   Thumb Code    42  los_queue.o(.text)
    LOS_QueueRead                            0x08007a07   Thumb Code    74  los_queue.o(.text)
    LOS_QueueWrite                           0x08007a51   Thumb Code    22  los_queue.o(.text)
    LOS_QueueWriteHead                       0x08007a67   Thumb Code    22  los_queue.o(.text)
    osQueueMailAlloc                         0x08007a7d   Thumb Code   146  los_queue.o(.text)
    osQueueMailFree                          0x08007b0f   Thumb Code   142  los_queue.o(.text)
    LOS_QueueDelete                          0x08007b9d   Thumb Code   158  los_queue.o(.text)
    LOS_QueueInfoGet                         0x08007c3b   Thumb Code   200  los_queue.o(.text)
    osHeapPrvGetNext                         0x08007d31   Thumb Code    22  los_heap.o(.text)
    osHeapInit                               0x08007d47   Thumb Code    62  los_heap.o(.text)
    osHeapStatisticsGet                      0x08007d85   Thumb Code    76  los_heap.o(.text)
    osAlarmHeapInfo                          0x08007dd1   Thumb Code    26  los_heap.o(.text)
    osHeapAlloc                              0x08007deb   Thumb Code   238  los_heap.o(.text)
    osHeapFree                               0x08007ed9   Thumb Code   218  los_heap.o(.text)
    osHeapGetHeapMemoryPeak                  0x08007fb3   Thumb Code     6  los_heap.o(.text)
    osHeapGetMaxFreeBlkSize                  0x08007fb9   Thumb Code    40  los_heap.o(.text)
    LOS_Align                                0x08008031   Thumb Code    20  los_misc.o(.text)
    LOS_Msleep                               0x08008045   Thumb Code    40  los_misc.o(.text)
    LOS_MemboxInit                           0x0800806d   Thumb Code    44  los_membox.o(.text)
    LOS_MemboxAlloc                          0x08008099   Thumb Code    64  los_membox.o(.text)
    LOS_MemboxFree                           0x080080d9   Thumb Code    36  los_membox.o(.text)
    LOS_MemboxClr                            0x080080fd   Thumb Code    10  los_membox.o(.text)
    LOS_MemboxStatisticsGet                  0x08008107   Thumb Code    32  los_membox.o(.text)
    osSlabCtrlHdrGet                         0x08008151   Thumb Code     4  los_memory.o(.text)
    LOS_MemInit                              0x08008155   Thumb Code   164  los_memory.o(.text)
    osMemSystemInit                          0x080081f9   Thumb Code     8  los_memory.o(.text)
    LOS_MemDeInit                            0x08008201   Thumb Code    66  los_memory.o(.text)
    LOS_MemPoolList                          0x08008243   Thumb Code    28  los_memory.o(.text)
    LOS_MemAlloc                             0x0800825f   Thumb Code    16  los_memory.o(.text)
    LOS_MemAllocAlign                        0x0800826f   Thumb Code    64  los_memory.o(.text)
    LOS_MemFree                              0x080082af   Thumb Code    42  los_memory.o(.text)
    LOS_MemRealloc                           0x080082d9   Thumb Code   112  los_memory.o(.text)
    LOS_MemStatisticsGet                     0x08008349   Thumb Code    44  los_memory.o(.text)
    LOS_MemGetMaxFreeBlkSize                 0x08008375   Thumb Code    16  los_memory.o(.text)
    LOS_StartToRun                           0x080083c9   Thumb Code     0  los_dispatch_keil.o(.text)
    LOS_IntLock                              0x0800840d   Thumb Code     0  los_dispatch_keil.o(.text)
    LOS_IntUnLock                            0x08008415   Thumb Code     0  los_dispatch_keil.o(.text)
    LOS_IntRestore                           0x0800841d   Thumb Code     0  los_dispatch_keil.o(.text)
    osTaskSchedule                           0x08008423   Thumb Code     0  los_dispatch_keil.o(.text)
    osPendSV                                 0x0800842d   Thumb Code     0  los_dispatch_keil.o(.text)
    osSchedule                               0x08008499   Thumb Code     4  los_hw.o(.text)
    LOS_Schedule                             0x0800849d   Thumb Code    54  los_hw.o(.text)
    osTaskExit                               0x080084d3   Thumb Code     4  los_hw.o(.text)
    osTskStackInit                           0x080084d7   Thumb Code   124  los_hw.o(.text)
    osEnterSleep                             0x08008553   Thumb Code    12  los_hw.o(.text)
    osIntNumGet                              0x0800856d   Thumb Code     6  los_hwi.o(.text)
    PendSV_Handler                           0x08008573   Thumb Code     4  los_hwi.o(.text)
    SysTick_Handler                          0x08008577   Thumb Code     4  los_hwi.o(.text)
    __aeabi_uldivmod                         0x0800857b   Thumb Code    98  uldiv.o(.text)
    __aeabi_memcpy                           0x080085dd   Thumb Code    36  memcpya.o(.text)
    __aeabi_memcpy4                          0x080085dd   Thumb Code     0  memcpya.o(.text)
    __aeabi_memcpy8                          0x080085dd   Thumb Code     0  memcpya.o(.text)
    __aeabi_memset                           0x08008601   Thumb Code    14  memseta.o(.text)
    __aeabi_memset4                          0x08008601   Thumb Code     0  memseta.o(.text)
    __aeabi_memset8                          0x08008601   Thumb Code     0  memseta.o(.text)
    __aeabi_memclr                           0x0800860f   Thumb Code     4  memseta.o(.text)
    __aeabi_memclr4                          0x0800860f   Thumb Code     0  memseta.o(.text)
    __aeabi_memclr8                          0x0800860f   Thumb Code     0  memseta.o(.text)
    _memset$wrapper                          0x08008613   Thumb Code    18  memseta.o(.text)
    strcat                                   0x08008625   Thumb Code    24  strcat.o(.text)
    strncpy                                  0x0800863d   Thumb Code    24  strncpy.o(.text)
    strlen                                   0x08008655   Thumb Code    14  strlen.o(.text)
    strcpy                                   0x08008663   Thumb Code    18  strcpy.o(.text)
    strtol                                   0x08008675   Thumb Code   112  strtol.o(.text)
    __aeabi_ddiv                             0x080086e5   Thumb Code   222  ddiv.o(.text)
    __aeabi_ui2d                             0x080087c3   Thumb Code    26  dfltui.o(.text)
    __aeabi_ul2d                             0x080087dd   Thumb Code    24  dfltul.o(.text)
    __aeabi_d2ulz                            0x080087f5   Thumb Code    48  dfixul.o(.text)
    __aeabi_f2d                              0x08008825   Thumb Code    38  f2d.o(.text)
    __aeabi_cdrcmple                         0x0800884d   Thumb Code    48  cdrcmple.o(.text)
    __aeabi_d2f                              0x0800887d   Thumb Code    56  d2f.o(.text)
    __aeabi_uidiv                            0x080088b5   Thumb Code     0  uidiv.o(.text)
    __aeabi_uidivmod                         0x080088b5   Thumb Code    44  uidiv.o(.text)
    __aeabi_llsl                             0x080088e1   Thumb Code    30  llshl.o(.text)
    _ll_shift_l                              0x080088e1   Thumb Code     0  llshl.o(.text)
    __aeabi_llsr                             0x080088ff   Thumb Code    32  llushr.o(.text)
    _ll_ushift_r                             0x080088ff   Thumb Code     0  llushr.o(.text)
    __rt_ctype_table                         0x08008921   Thumb Code     4  ctype_o.o(.text)
    isspace                                  0x08008929   Thumb Code    18  isspace_o.o(.text)
    _strtoul                                 0x0800893b   Thumb Code   158  _strtoul.o(.text)
    __strtod_int                             0x08008a0f   Thumb Code    90  strtod.o(.text)
    __I$use$fp                               0x08008a75   Thumb Code     0  iusefp.o(.text)
    _float_round                             0x08008a75   Thumb Code    18  fepilogue.o(.text)
    _float_epilogue                          0x08008a87   Thumb Code    92  fepilogue.o(.text)
    _double_round                            0x08008ae3   Thumb Code    30  depilogue.o(.text)
    _double_epilogue                         0x08008b01   Thumb Code   156  depilogue.o(.text)
    __aeabi_dadd                             0x08008b9d   Thumb Code   322  dadd.o(.text)
    __aeabi_dsub                             0x08008cdf   Thumb Code     6  dadd.o(.text)
    __aeabi_drsub                            0x08008ce5   Thumb Code     6  dadd.o(.text)
    __aeabi_dmul                             0x08008ceb   Thumb Code   228  dmul.o(.text)
    __scatterload                            0x08008dd1   Thumb Code    28  init.o(.text)
    __scatterload_rt2                        0x08008dd1   Thumb Code     0  init.o(.text)
    __aeabi_lasr                             0x08008df5   Thumb Code    36  llsshr.o(.text)
    _ll_sshift_r                             0x08008df5   Thumb Code     0  llsshr.o(.text)
    _chval                                   0x08008e19   Thumb Code    28  _chval.o(.text)
    _scanf_real                              0x08008f5d   Thumb Code     0  scanf_fp.o(.text)
    _scanf_really_real                       0x08008f5d   Thumb Code   556  scanf_fp.o(.text)
    _sgetc                                   0x08009195   Thumb Code    30  _sgetc.o(.text)
    _sbackspace                              0x080091b3   Thumb Code    34  _sgetc.o(.text)
    __decompress                             0x080091d5   Thumb Code     0  __dczerorl2.o(.text)
    __decompress1                            0x080091d5   Thumb Code    86  __dczerorl2.o(.text)
    __0printf                                0x0800922d   Thumb Code    22  printfa.o(i.__0printf)
    __1printf                                0x0800922d   Thumb Code     0  printfa.o(i.__0printf)
    __2printf                                0x0800922d   Thumb Code     0  printfa.o(i.__0printf)
    __c89printf                              0x0800922d   Thumb Code     0  printfa.o(i.__0printf)
    printf                                   0x0800922d   Thumb Code     0  printfa.o(i.__0printf)
    __0sprintf                               0x0800924d   Thumb Code    34  printfa.o(i.__0sprintf)
    __1sprintf                               0x0800924d   Thumb Code     0  printfa.o(i.__0sprintf)
    __2sprintf                               0x0800924d   Thumb Code     0  printfa.o(i.__0sprintf)
    __c89sprintf                             0x0800924d   Thumb Code     0  printfa.o(i.__0sprintf)
    sprintf                                  0x0800924d   Thumb Code     0  printfa.o(i.__0sprintf)
    __aeabi_errno_addr                       0x08009275   Thumb Code     4  errno.o(i.__aeabi_errno_addr)
    __rt_errno_addr                          0x08009275   Thumb Code     0  errno.o(i.__aeabi_errno_addr)
    __read_errno                             0x0800927d   Thumb Code     6  errno.o(i.__read_errno)
    __scatterload_copy                       0x08009289   Thumb Code    14  handlers.o(i.__scatterload_copy)
    __scatterload_null                       0x08009297   Thumb Code     2  handlers.o(i.__scatterload_null)
    __scatterload_zeroinit                   0x08009299   Thumb Code    14  handlers.o(i.__scatterload_zeroinit)
    __set_errno                              0x080092a9   Thumb Code     6  errno.o(i.__set_errno)
    _is_digit                                0x08009439   Thumb Code    14  scanf_fp.o(i._is_digit)
    atof                                     0x08009b59   Thumb Code    42  atof.o(i.atof)
    asc2_1608                                0x08009b82   Data        1520  lcd.o(.constdata)
    codeGB_16x16                             0x0800a172   Data        3604  lcd.o(.constdata)
    __ctype_table                            0x0800af86   Data         129  ctype_o.o(.constdata)
    Region$$Table$$Base                      0x0800b1a0   Number         0  anon$$obj.o(Region$$Table)
    Region$$Table$$Limit                     0x0800b1c0   Number         0  anon$$obj.o(Region$$Table)
    SystemCoreClock                          0x20000000   Data           4  system_stm32f10x.o(.data)
    AHBPrescTable                            0x20000004   Data          16  system_stm32f10x.o(.data)
    keyTemp                                  0x20000029   Data           1  main.o(.data)
    Tem_value                                0x2000002c   Data           4  main.o(.data)
    Hum_value                                0x20000030   Data           4  main.o(.data)
    Tem_value_int                            0x20000034   Data           4  main.o(.data)
    lockCount                                0x20000038   Data           4  main.o(.data)
    mainMenuCount                            0x2000003c   Data           4  main.o(.data)
    devicePointer                            0x20000040   Data           4  main.o(.data)
    weishuPointer                            0x20000044   Data           4  main.o(.data)
    TX_ADDRESS_INDEX                         0x20000048   Data           4  main.o(.data)
    TX_ADDRESS_LIST_LEN                      0x2000004c   Data           4  main.o(.data)
    maxTemp                                  0x20000050   Data           4  main.o(.data)
    maxHum                                   0x20000054   Data           4  main.o(.data)
    MASTER_ADDRESS                           0x20000064   Data           5  main.o(.data)
    RX_ADDRESS                               0x20000069   Data           5  main.o(.data)
    TX_ADDRESS                               0x2000006e   Data           5  main.o(.data)
    DEVICE_TYPE                              0x20000073   Data           6  main.o(.data)
    Hum_value_str                            0x20000079   Data           6  main.o(.data)
    Temp_value_str                           0x2000007f   Data           7  main.o(.data)
    Read_Humiture_CMD                        0x20000086   Data           8  main.o(.data)
    BACK_COLOR                               0x20000090   Data           4  lcd.o(.data)
    POINT_COLOR                              0x20000094   Data           4  lcd.o(.data)
    SN                                       0x20000098   Data           4  rc522.o(.data)
    KEY                                      0x2000009c   Data          84  rc522.o(.data)
    Count_timer_100ms_x_Send_Interval_after_collect 0x200000f0   Data           1  timer.o(.data)
    Count_Send_Time_Interval                 0x200000f1   Data           1  timer.o(.data)
    count_time                               0x200000f2   Data           1  timer.o(.data)
    Count_time_wait_ok                       0x200000f3   Data           1  timer.o(.data)
    is_send_breath                           0x200000f4   Data           1  timer.o(.data)
    Flag_allow_dsplay_time                   0x200000f5   Data           1  timer.o(.data)
    Count_timer                              0x200000f8   Data           4  timer.o(.data)
    Count_timer_100ms_x_Collect_Interval     0x200000fc   Data           4  timer.o(.data)
    Flag_Need_Init_Nbiot                     0x20000100   Data           1  tools.o(.data)
    Flag_device_error                        0x20000101   Data           1  tools.o(.data)
    Count_Timer3_value_USART1_receive_timeout 0x20000104   Data           1  usart.o(.data)
    Count_Timer3_value_USART2_receive_timeout 0x20000105   Data           1  usart.o(.data)
    Count_Timer3_value_USART3_receive_timeout 0x20000106   Data           1  usart.o(.data)
    Flag_usart2_receive_T                    0x20000107   Data           1  usart.o(.data)
    Flag_Usart1_Receive                      0x20000108   Data           1  usart.o(.data)
    Flag_Usart2_Receive                      0x20000109   Data           1  usart.o(.data)
    Flag_Usart3_Receive                      0x2000010a   Data           1  usart.o(.data)
    USART1_RX_STA                            0x2000010c   Data           2  usart.o(.data)
    USART2_RX_STA                            0x2000010e   Data           2  usart.o(.data)
    USART3_RX_STA                            0x20000110   Data           2  usart.o(.data)
    UART5_RX_STA                             0x20000112   Data           2  usart.o(.data)
    open_flag                                0x20000114   Data           4  usart.o(.data)
    Flag_usart1_receive_OK                   0x20000118   Data           1  usart.o(.data)
    __stdout                                 0x2000011c   Data           4  usart.o(.data)
    g_pstLosPriorityQueueList                0x20000124   Data           4  los_priqueue.o(.data)
    m_uwSwTmrHandlerQueue                    0x20000134   Data           4  los_swtmr.o(.data)
    m_pstSwtmrCBArray                        0x20000138   Data           4  los_swtmr.o(.data)
    m_pstSwtmrFreeList                       0x2000013c   Data           4  los_swtmr.o(.data)
    m_pstSwtmrSortList                       0x20000140   Data           4  los_swtmr.o(.data)
    g_usLosTaskLock                          0x20000144   Data           2  los_task.o(.data)
    g_pfnTskSwitchHook                       0x20000148   Data           4  los_task.o(.data)
    g_pfnUsrTskSwitchHook                    0x2000014c   Data           4  los_task.o(.data)
    g_pstTaskCBArray                         0x20000150   Data           4  los_task.o(.data)
    g_uwTskMaxNum                            0x20000154   Data           4  los_task.o(.data)
    g_uwIdleTaskID                           0x20000158   Data           4  los_task.o(.data)
    g_uwSwtmrTaskID                          0x2000015c   Data           4  los_task.o(.data)
    g_bTaskScheduled                         0x20000160   Data           4  los_task.o(.data)
    g_stLosTask                              0x20000164   Data           8  los_task.o(.data)
    g_stTaskTimerList                        0x2000016c   Data           8  los_task.o(.data)
    g_stLosFreeTask                          0x20000174   Data           8  los_task.o(.data)
    g_stTskRecyleList                        0x2000017c   Data           8  los_task.o(.data)
    g_stTskSortLink                          0x20000184   Data           8  los_task.o(.data)
    g_uwSysClock                             0x20000190   Data           4  los_tick.o(.data)
    g_ullTickCount                           0x20000198   Data           8  los_tick.o(.data)
    g_pstAllQueue                            0x200001a0   Data           4  los_queue.o(.data)
    g_stFreeQueueList                        0x200001a4   Data           8  los_queue.o(.data)
    m_aucSysMem0                             0x200001bc   Data           4  los_init.o(.data)
    g_pPoolHead                              0x200001c0   Data           4  los_memory.o(.data)
    MASTER_ADDRESS_STRING                    0x200001c8   Data          11  main.o(.bss)
    TX_ADDRESS_LIST                          0x200001d3   Data         200  main.o(.bss)
    RX_ADDRESS_STRING                        0x2000029b   Data          11  main.o(.bss)
    Send_data_buf                            0x200002a6   Data         150  main.o(.bss)
    NB_Send_buf                              0x2000033c   Data         355  main.o(.bss)
    maxValue                                 0x2000049f   Data          48  main.o(.bss)
    UART5_RX_BUF                             0x200004cf   Data         500  usart.o(.bss)
    USART1_RX_BUF                            0x200006c3   Data         500  usart.o(.bss)
    USART2_RX_BUF                            0x200008b7   Data         500  usart.o(.bss)
    USART3_RX_BUF                            0x20000aab   Data         500  usart.o(.bss)
    m_uwSwTmrAlignID                         0x20000ca0   Data          64  los_swtmr.o(.bss)
    g_astTskSwitchInfo                       0x20000ce0   Data         342  los_task.o(.bss)
    Image$$RW_IRAM1$$ZI$$Limit               0x20001238   Number         0  anon$$obj.o ABSOLUTE
    __initial_sp                             0x20001238   Data           0  startup_stm32f10x_hd.o(STACK)



==============================================================================

Memory Map of the image

  Image Entry point : 0x08000131

  Load Region LR_IROM1 (Base: 0x08000000, Size: 0x0000b388, Max: 0x00080000, ABSOLUTE, COMPRESSED[0x0000b240])

    Execution Region ER_IROM1 (Exec base: 0x08000000, Load base: 0x08000000, Size: 0x0000b1c0, Max: 0x00080000, ABSOLUTE)

    Exec Addr    Load Addr    Size         Type   Attr      Idx    E Section Name        Object

    0x08000000   0x08000000   0x00000130   Data   RO            3    RESET               startup_stm32f10x_hd.o
    0x08000130   0x08000130   0x00000000   Code   RO         2223  * .ARM.Collect$$$$00000000  mc_w.l(entry.o)
    0x08000130   0x08000130   0x00000004   Code   RO         2519    .ARM.Collect$$$$00000001  mc_w.l(entry2.o)
    0x08000134   0x08000134   0x00000004   Code   RO         2522    .ARM.Collect$$$$00000004  mc_w.l(entry5.o)
    0x08000138   0x08000138   0x00000000   Code   RO         2524    .ARM.Collect$$$$00000008  mc_w.l(entry7b.o)
    0x08000138   0x08000138   0x00000000   Code   RO         2526    .ARM.Collect$$$$0000000A  mc_w.l(entry8b.o)
    0x08000138   0x08000138   0x00000008   Code   RO         2527    .ARM.Collect$$$$0000000B  mc_w.l(entry9a.o)
    0x08000140   0x08000140   0x00000004   Code   RO         2534    .ARM.Collect$$$$0000000E  mc_w.l(entry12b.o)
    0x08000144   0x08000144   0x00000000   Code   RO         2529    .ARM.Collect$$$$0000000F  mc_w.l(entry10a.o)
    0x08000144   0x08000144   0x00000000   Code   RO         2531    .ARM.Collect$$$$00000011  mc_w.l(entry11a.o)
    0x08000144   0x08000144   0x00000004   Code   RO         2520    .ARM.Collect$$$$00002712  mc_w.l(entry2.o)
    0x08000148   0x08000148   0x00000024   Code   RO            4    .text               startup_stm32f10x_hd.o
    0x0800016c   0x0800016c   0x00000174   Code   RO           27    .text               system_stm32f10x.o
    0x080002e0   0x080002e0   0x000000b8   Code   RO          142    .text               misc.o
    0x08000398   0x08000398   0x00000298   Code   RO          434    .text               stm32f10x_gpio.o
    0x08000630   0x08000630   0x000002f4   Code   RO          530    .text               stm32f10x_rcc.o
    0x08000924   0x08000924   0x000002b4   Code   RO          604    .text               stm32f10x_spi.o
    0x08000bd8   0x08000bd8   0x00000c2a   Code   RO          628    .text               stm32f10x_tim.o
    0x08001802   0x08001802   0x00000002   PAD
    0x08001804   0x08001804   0x0000039c   Code   RO          652    .text               stm32f10x_usart.o
    0x08001ba0   0x08001ba0   0x0000148c   Code   RO          700    .text               main.o
    0x0800302c   0x0800302c   0x00000314   Code   RO          953    .text               24l01.o
    0x08003340   0x08003340   0x00000964   Code   RO         1007    .text               gpio.o
    0x08003ca4   0x08003ca4   0x00000118   Code   RO         1031    .text               key.o
    0x08003dbc   0x08003dbc   0x00000658   Code   RO         1063    .text               lcd.o
    0x08004414   0x08004414   0x00000ac4   Code   RO         1108    .text               rc522.o
    0x08004ed8   0x08004ed8   0x000000f0   Code   RO         1137    .text               spi.o
    0x08004fc8   0x08004fc8   0x00000008   Code   RO         1161    .text               sys.o
    0x08004fd0   0x08004fd0   0x0000010c   Code   RO         1185    .text               timer.o
    0x080050dc   0x080050dc   0x000004b0   Code   RO         1221    .text               tools.o
    0x0800558c   0x0800558c   0x000007c4   Code   RO         1255    .text               usart.o
    0x08005d50   0x08005d50   0x00000098   Code   RO         1307    .text               delay.o
    0x08005de8   0x08005de8   0x000000bc   Code   RO         1513    .text               los_priqueue.o
    0x08005ea4   0x08005ea4   0x000006ec   Code   RO         1560    .text               los_swtmr.o
    0x08006590   0x08006590   0x000000e8   Code   RO         1597    .text               los_sys.o
    0x08006678   0x08006678   0x00000f8c   Code   RO         1624    .text               los_task.o
    0x08007604   0x08007604   0x00000028   Code   RO         1673    .text               los_tick.o
    0x0800762c   0x0800762c   0x00000704   Code   RO         1801    .text               los_queue.o
    0x08007d30   0x08007d30   0x00000300   Code   RO         1864    .text               los_heap.o
    0x08008030   0x08008030   0x0000003c   Code   RO         1918    .text               los_misc.o
    0x0800806c   0x0800806c   0x000000e4   Code   RO         2006    .text               los_membox.o
    0x08008150   0x08008150   0x00000278   Code   RO         2030    .text               los_memory.o
    0x080083c8   0x080083c8   0x000000d0   Code   RO         2137    .text               los_dispatch_keil.o
    0x08008498   0x08008498   0x000000d4   Code   RO         2143    .text               los_hw.o
    0x0800856c   0x0800856c   0x0000000e   Code   RO         2195    .text               los_hwi.o
    0x0800857a   0x0800857a   0x00000062   Code   RO         2226    .text               mc_w.l(uldiv.o)
    0x080085dc   0x080085dc   0x00000024   Code   RO         2228    .text               mc_w.l(memcpya.o)
    0x08008600   0x08008600   0x00000024   Code   RO         2230    .text               mc_w.l(memseta.o)
    0x08008624   0x08008624   0x00000018   Code   RO         2232    .text               mc_w.l(strcat.o)
    0x0800863c   0x0800863c   0x00000018   Code   RO         2234    .text               mc_w.l(strncpy.o)
    0x08008654   0x08008654   0x0000000e   Code   RO         2236    .text               mc_w.l(strlen.o)
    0x08008662   0x08008662   0x00000012   Code   RO         2238    .text               mc_w.l(strcpy.o)
    0x08008674   0x08008674   0x00000070   Code   RO         2503    .text               mc_w.l(strtol.o)
    0x080086e4   0x080086e4   0x000000de   Code   RO         2505    .text               mf_w.l(ddiv.o)
    0x080087c2   0x080087c2   0x0000001a   Code   RO         2507    .text               mf_w.l(dfltui.o)
    0x080087dc   0x080087dc   0x00000018   Code   RO         2509    .text               mf_w.l(dfltul.o)
    0x080087f4   0x080087f4   0x00000030   Code   RO         2511    .text               mf_w.l(dfixul.o)
    0x08008824   0x08008824   0x00000026   Code   RO         2513    .text               mf_w.l(f2d.o)
    0x0800884a   0x0800884a   0x00000002   PAD
    0x0800884c   0x0800884c   0x00000030   Code   RO         2515    .text               mf_w.l(cdrcmple.o)
    0x0800887c   0x0800887c   0x00000038   Code   RO         2517    .text               mf_w.l(d2f.o)
    0x080088b4   0x080088b4   0x0000002c   Code   RO         2535    .text               mc_w.l(uidiv.o)
    0x080088e0   0x080088e0   0x0000001e   Code   RO         2537    .text               mc_w.l(llshl.o)
    0x080088fe   0x080088fe   0x00000020   Code   RO         2539    .text               mc_w.l(llushr.o)
    0x0800891e   0x0800891e   0x00000002   PAD
    0x08008920   0x08008920   0x00000008   Code   RO         2541    .text               mc_w.l(ctype_o.o)
    0x08008928   0x08008928   0x00000012   Code   RO         2563    .text               mc_w.l(isspace_o.o)
    0x0800893a   0x0800893a   0x0000009e   Code   RO         2576    .text               mc_w.l(_strtoul.o)
    0x080089d8   0x080089d8   0x0000009c   Code   RO         2578    .text               mc_w.l(strtod.o)
    0x08008a74   0x08008a74   0x00000000   Code   RO         2580    .text               mc_w.l(iusefp.o)
    0x08008a74   0x08008a74   0x0000006e   Code   RO         2581    .text               mf_w.l(fepilogue.o)
    0x08008ae2   0x08008ae2   0x000000ba   Code   RO         2583    .text               mf_w.l(depilogue.o)
    0x08008b9c   0x08008b9c   0x0000014e   Code   RO         2585    .text               mf_w.l(dadd.o)
    0x08008cea   0x08008cea   0x000000e4   Code   RO         2587    .text               mf_w.l(dmul.o)
    0x08008dce   0x08008dce   0x00000002   PAD
    0x08008dd0   0x08008dd0   0x00000024   Code   RO         2589    .text               mc_w.l(init.o)
    0x08008df4   0x08008df4   0x00000024   Code   RO         2591    .text               mc_w.l(llsshr.o)
    0x08008e18   0x08008e18   0x0000001c   Code   RO         2595    .text               mc_w.l(_chval.o)
    0x08008e34   0x08008e34   0x00000360   Code   RO         2597    .text               mc_w.l(scanf_fp.o)
    0x08009194   0x08009194   0x00000040   Code   RO         2601    .text               mc_w.l(_sgetc.o)
    0x080091d4   0x080091d4   0x00000056   Code   RO         2614    .text               mc_w.l(__dczerorl2.o)
    0x0800922a   0x0800922a   0x00000002   PAD
    0x0800922c   0x0800922c   0x00000020   Code   RO         2475    i.__0printf         mc_w.l(printfa.o)
    0x0800924c   0x0800924c   0x00000028   Code   RO         2477    i.__0sprintf        mc_w.l(printfa.o)
    0x08009274   0x08009274   0x00000008   Code   RO         2569    i.__aeabi_errno_addr  mc_w.l(errno.o)
    0x0800927c   0x0800927c   0x0000000c   Code   RO         2570    i.__read_errno      mc_w.l(errno.o)
    0x08009288   0x08009288   0x0000000e   Code   RO         2608    i.__scatterload_copy  mc_w.l(handlers.o)
    0x08009296   0x08009296   0x00000002   Code   RO         2609    i.__scatterload_null  mc_w.l(handlers.o)
    0x08009298   0x08009298   0x0000000e   Code   RO         2610    i.__scatterload_zeroinit  mc_w.l(handlers.o)
    0x080092a6   0x080092a6   0x00000002   PAD
    0x080092a8   0x080092a8   0x0000000c   Code   RO         2571    i.__set_errno       mc_w.l(errno.o)
    0x080092b4   0x080092b4   0x00000184   Code   RO         2482    i._fp_digits        mc_w.l(printfa.o)
    0x08009438   0x08009438   0x0000000e   Code   RO         2599    i._is_digit         mc_w.l(scanf_fp.o)
    0x08009446   0x08009446   0x00000002   PAD
    0x08009448   0x08009448   0x000006b4   Code   RO         2483    i._printf_core      mc_w.l(printfa.o)
    0x08009afc   0x08009afc   0x00000024   Code   RO         2484    i._printf_post_padding  mc_w.l(printfa.o)
    0x08009b20   0x08009b20   0x0000002e   Code   RO         2485    i._printf_pre_padding  mc_w.l(printfa.o)
    0x08009b4e   0x08009b4e   0x0000000a   Code   RO         2487    i._sputc            mc_w.l(printfa.o)
    0x08009b58   0x08009b58   0x0000002a   Code   RO         2220    i.atof              m_ws.l(atof.o)
    0x08009b82   0x08009b82   0x00001404   Data   RO         1064    .constdata          lcd.o
    0x0800af86   0x0800af86   0x00000081   Data   RO         2542    .constdata          mc_w.l(ctype_o.o)
    0x0800b007   0x0800b007   0x00000001   PAD
    0x0800b008   0x0800b008   0x00000004   Data   RO         2543    .constdata          mc_w.l(ctype_o.o)
    0x0800b00c   0x0800b00c   0x00000043   Data   RO         1186    .conststring        timer.o
    0x0800b04f   0x0800b04f   0x00000001   PAD
    0x0800b050   0x0800b050   0x00000150   Data   RO         1626    .conststring        los_task.o
    0x0800b1a0   0x0800b1a0   0x00000020   Data   RO         2606    Region$$Table       anon$$obj.o


    Execution Region RW_IRAM1 (Exec base: 0x20000000, Load base: 0x0800b1c0, Size: 0x00001238, Max: 0x00010000, ABSOLUTE, COMPRESSED[0x00000080])

    Exec Addr    Load Addr    Size         Type   Attr      Idx    E Section Name        Object

    0x20000000   COMPRESSED   0x00000014   Data   RW           28    .data               system_stm32f10x.o
    0x20000014   COMPRESSED   0x00000014   Data   RW          531    .data               stm32f10x_rcc.o
    0x20000028   COMPRESSED   0x00000066   Data   RW          703    .data               main.o
    0x2000008e   COMPRESSED   0x00000001   Data   RW         1032    .data               key.o
    0x2000008f   COMPRESSED   0x00000001   PAD
    0x20000090   COMPRESSED   0x00000008   Data   RW         1070    .data               lcd.o
    0x20000098   COMPRESSED   0x00000058   Data   RW         1109    .data               rc522.o
    0x200000f0   COMPRESSED   0x00000010   Data   RW         1187    .data               timer.o
    0x20000100   COMPRESSED   0x00000001   Data   RW         1222    .data               tools.o
    0x20000101   COMPRESSED   0x00000001   Data   RW         1223    .data               tools.o
    0x20000102   COMPRESSED   0x00000002   PAD
    0x20000104   COMPRESSED   0x00000014   Data   RW         1259    .data               usart.o
    0x20000118   COMPRESSED   0x00000001   Data   RW         1260    .data               usart.o
    0x20000119   COMPRESSED   0x00000003   PAD
    0x2000011c   COMPRESSED   0x00000004   Data   RW         1270    .data               usart.o
    0x20000120   COMPRESSED   0x00000004   Data   RW         1308    .data               delay.o
    0x20000124   COMPRESSED   0x00000004   Data   RW         1514    .data               los_priqueue.o
    0x20000128   COMPRESSED   0x0000001c   Data   RW         1562    .data               los_swtmr.o
    0x20000144   COMPRESSED   0x00000048   Data   RW         1627    .data               los_task.o
    0x2000018c   COMPRESSED   0x00000004   PAD
    0x20000190   COMPRESSED   0x00000010   Data   RW         1674    .data               los_tick.o
    0x200001a0   COMPRESSED   0x0000000c   Data   RW         1802    .data               los_queue.o
    0x200001ac   COMPRESSED   0x00000010   Data   RW         1865    .data               los_heap.o
    0x200001bc   COMPRESSED   0x00000004   Data   RW         1976    .data               los_init.o
    0x200001c0   COMPRESSED   0x00000004   Data   RW         2031    .data               los_memory.o
    0x200001c4   COMPRESSED   0x00000004   Data   RW         2572    .data               mc_w.l(errno.o)
    0x200001c8        -       0x00000307   Zero   RW          702    .bss                main.o
    0x200004cf        -       0x000007d0   Zero   RW         1256    .bss                usart.o
    0x20000c9f   COMPRESSED   0x00000001   PAD
    0x20000ca0        -       0x00000040   Zero   RW         1561    .bss                los_swtmr.o
    0x20000ce0        -       0x00000156   Zero   RW         1625    .bss                los_task.o
    0x20000e36   COMPRESSED   0x00000002   PAD
    0x20000e38        -       0x00000400   Zero   RW            1    STACK               startup_stm32f10x_hd.o


==============================================================================

Image component sizes


      Code (inc. data)   RO Data    RW Data    ZI Data      Debug   Object Name

       788         52          0          0          0       3271   24l01.o
         0          0          0          0          0      16322   cmsis_liteos.o
         0          0          0          0          0       4508   core_cm3.o
       152         14          0          4          0       1063   delay.o
      2404        944          0          0          0       1916   gpio.o
       280          8          0          1          0       1138   key.o
      1624         22       5124          8          0       7106   lcd.o
       208         26          0          0          0        392   los_dispatch_keil.o
       768         80          0         16          0       4889   los_heap.o
       212         14          0          0          0       1813   los_hw.o
        14          0          0          0          0       2237   los_hwi.o
         0          0          0          4          0        667   los_init.o
       228         42          0          0          0       2542   los_membox.o
       632         68          0          4          0       5959   los_memory.o
        60          0          0          0          0        939   los_misc.o
       188         10          0          4          0      11430   los_priqueue.o
      1796         80          0         12          0      12209   los_queue.o
      1772         46          0         28         64       9771   los_swtmr.o
       232         20          0          0          0       2389   los_sys.o
      3980        396        336         72        342      24028   los_task.o
        40          4          0         16          0       1156   los_tick.o
      5260        862          0        102        775       8621   main.o
       184         12          0          0          0       1985   misc.o
      2756        314          0         88          0      11464   rc522.o
       240          8          0          0          0       1125   spi.o
        36          8        304          0       1024        856   startup_stm32f10x_hd.o
       664         36          0          0          0       6269   stm32f10x_gpio.o
       756         32          0         20          0       9408   stm32f10x_rcc.o
       692         12          0          0          0       7202   stm32f10x_spi.o
      3114         84          0          0          0      25160   stm32f10x_tim.o
       924         20          0          0          0       9228   stm32f10x_usart.o
         8          0          0          0          0        433   sys.o
       372         34          0         20          0     257355   system_stm32f10x.o
       268         24         67         16          0       1726   timer.o
      1200        256          0          2          0       5278   tools.o
      1988         78          0         25       2000      12616   usart.o

    ----------------------------------------------------------------------
     33842       3606       5864        452       4208     474471   Object Totals
         0          0         32          0          0          0   (incl. Generated)
         2          0          1         10          3          0   (incl. Padding)

    ----------------------------------------------------------------------

      Code (inc. data)   RO Data    RW Data    ZI Data      Debug   Library Member Name

        42          0          0          0          0         84   atof.o
        86          0          0          0          0          0   __dczerorl2.o
        28          0          0          0          0         68   _chval.o
        64          0          0          0          0         84   _sgetc.o
       158          0          0          0          0         92   _strtoul.o
         8          4        133          0          0         68   ctype_o.o
         0          0          0          0          0          0   entry.o
         0          0          0          0          0          0   entry10a.o
         0          0          0          0          0          0   entry11a.o
         4          0          0          0          0          0   entry12b.o
         8          4          0          0          0          0   entry2.o
         4          0          0          0          0          0   entry5.o
         0          0          0          0          0          0   entry7b.o
         0          0          0          0          0          0   entry8b.o
         8          4          0          0          0          0   entry9a.o
        32         16          0          4          0        204   errno.o
        30          0          0          0          0          0   handlers.o
        36          8          0          0          0         68   init.o
        18          0          0          0          0         76   isspace_o.o
         0          0          0          0          0          0   iusefp.o
        30          0          0          0          0         68   llshl.o
        36          0          0          0          0         68   llsshr.o
        32          0          0          0          0         68   llushr.o
        36          0          0          0          0         68   memcpya.o
        36          0          0          0          0        108   memseta.o
      2268         96          0          0          0        616   printfa.o
       878         12          0          0          0        216   scanf_fp.o
        24          0          0          0          0         68   strcat.o
        18          0          0          0          0         68   strcpy.o
        14          0          0          0          0         68   strlen.o
        24          0          0          0          0         76   strncpy.o
       156         12          0          0          0        120   strtod.o
       112          0          0          0          0         88   strtol.o
        44          0          0          0          0         80   uidiv.o
        98          0          0          0          0         92   uldiv.o
        48          0          0          0          0         68   cdrcmple.o
        56          0          0          0          0         88   d2f.o
       334          0          0          0          0        148   dadd.o
       222          0          0          0          0        100   ddiv.o
       186          0          0          0          0        176   depilogue.o
        48          0          0          0          0         68   dfixul.o
        26          0          0          0          0         76   dfltui.o
        24          0          0          0          0         76   dfltul.o
       228          0          0          0          0         96   dmul.o
        38          0          0          0          0         68   f2d.o
       110          0          0          0          0        168   fepilogue.o

    ----------------------------------------------------------------------
      5664        156        134          4          0       3748   Library Totals
        12          0          1          0          0          0   (incl. Padding)

    ----------------------------------------------------------------------

      Code (inc. data)   RO Data    RW Data    ZI Data      Debug   Library Name

        42          0          0          0          0         84   m_ws.l
      4290        156        133          4          0       2532   mc_w.l
      1320          0          0          0          0       1132   mf_w.l

    ----------------------------------------------------------------------
      5664        156        134          4          0       3748   Library Totals

    ----------------------------------------------------------------------

==============================================================================


      Code (inc. data)   RO Data    RW Data    ZI Data      Debug   

     39506       3762       5998        456       4208     473355   Grand Totals
     39506       3762       5998        128       4208     473355   ELF Image Totals (compressed)
     39506       3762       5998        128          0          0   ROM Totals

==============================================================================

    Total RO  Size (Code + RO Data)                45504 (  44.44kB)
    Total RW  Size (RW Data + ZI Data)              4664 (   4.55kB)
    Total ROM Size (Code + RO Data + RW Data)      45632 (  44.56kB)

==============================================================================

